Component: ARM Compiler 5.05 update 2 (build 169) Tool: armlink [4d0f33]

==============================================================================

Section Cross References

    startup_stm32f10x_md.o(RESET) refers to startup_stm32f10x_md.o(STACK) for __initial_sp
    startup_stm32f10x_md.o(RESET) refers to startup_stm32f10x_md.o(.text) for Reset_Handler
    startup_stm32f10x_md.o(RESET) refers to stm32f10x_it.o(i.NMI_Handler) for NMI_Handler
    startup_stm32f10x_md.o(RESET) refers to stm32f10x_it.o(i.HardFault_Handler) for HardFault_Handler
    startup_stm32f10x_md.o(RESET) refers to stm32f10x_it.o(i.MemManage_Handler) for MemManage_Handler
    startup_stm32f10x_md.o(RESET) refers to stm32f10x_it.o(i.BusFault_Handler) for BusFault_Handler
    startup_stm32f10x_md.o(RESET) refers to stm32f10x_it.o(i.UsageFault_Handler) for UsageFault_Handler
    startup_stm32f10x_md.o(RESET) refers to stm32f10x_it.o(i.SVC_Handler) for SVC_Handler
    startup_stm32f10x_md.o(RESET) refers to stm32f10x_it.o(i.DebugMon_Handler) for DebugMon_Handler
    startup_stm32f10x_md.o(RESET) refers to stm32f10x_it.o(i.PendSV_Handler) for PendSV_Handler
    startup_stm32f10x_md.o(RESET) refers to stm32f10x_it.o(i.SysTick_Handler) for SysTick_Handler
    startup_stm32f10x_md.o(RESET) refers to stm32f10x_it.o(i.USART2_IRQHandler) for USART2_IRQHandler
    startup_stm32f10x_md.o(.text) refers to system_stm32f10x.o(i.SystemInit) for SystemInit
    startup_stm32f10x_md.o(.text) refers to entry.o(.ARM.Collect$$$$00000000) for __main
    system_stm32f10x.o(i.SetSysClock) refers to system_stm32f10x.o(i.SetSysClockTo72) for SetSysClockTo72
    system_stm32f10x.o(i.SystemCoreClockUpdate) refers to system_stm32f10x.o(.data) for SystemCoreClock
    system_stm32f10x.o(i.SystemInit) refers to system_stm32f10x.o(i.SetSysClock) for SetSysClock
    stm32f10x_adc.o(i.ADC_DeInit) refers to stm32f10x_rcc.o(i.RCC_APB2PeriphResetCmd) for RCC_APB2PeriphResetCmd
    stm32f10x_bkp.o(i.BKP_DeInit) refers to stm32f10x_rcc.o(i.RCC_BackupResetCmd) for RCC_BackupResetCmd
    stm32f10x_can.o(i.CAN_DeInit) refers to stm32f10x_rcc.o(i.RCC_APB1PeriphResetCmd) for RCC_APB1PeriphResetCmd
    stm32f10x_can.o(i.CAN_GetITStatus) refers to stm32f10x_can.o(i.CheckITStatus) for CheckITStatus
    stm32f10x_cec.o(i.CEC_DeInit) refers to stm32f10x_rcc.o(i.RCC_APB1PeriphResetCmd) for RCC_APB1PeriphResetCmd
    stm32f10x_dac.o(i.DAC_DeInit) refers to stm32f10x_rcc.o(i.RCC_APB1PeriphResetCmd) for RCC_APB1PeriphResetCmd
    stm32f10x_flash.o(i.FLASH_EnableWriteProtection) refers to stm32f10x_flash.o(i.FLASH_WaitForLastOperation) for FLASH_WaitForLastOperation
    stm32f10x_flash.o(i.FLASH_EraseAllBank1Pages) refers to stm32f10x_flash.o(i.FLASH_WaitForLastBank1Operation) for FLASH_WaitForLastBank1Operation
    stm32f10x_flash.o(i.FLASH_EraseAllPages) refers to stm32f10x_flash.o(i.FLASH_WaitForLastOperation) for FLASH_WaitForLastOperation
    stm32f10x_flash.o(i.FLASH_EraseOptionBytes) refers to stm32f10x_flash.o(i.FLASH_GetReadOutProtectionStatus) for FLASH_GetReadOutProtectionStatus
    stm32f10x_flash.o(i.FLASH_EraseOptionBytes) refers to stm32f10x_flash.o(i.FLASH_WaitForLastOperation) for FLASH_WaitForLastOperation
    stm32f10x_flash.o(i.FLASH_ErasePage) refers to stm32f10x_flash.o(i.FLASH_WaitForLastOperation) for FLASH_WaitForLastOperation
    stm32f10x_flash.o(i.FLASH_ProgramHalfWord) refers to stm32f10x_flash.o(i.FLASH_WaitForLastOperation) for FLASH_WaitForLastOperation
    stm32f10x_flash.o(i.FLASH_ProgramOptionByteData) refers to stm32f10x_flash.o(i.FLASH_WaitForLastOperation) for FLASH_WaitForLastOperation
    stm32f10x_flash.o(i.FLASH_ProgramWord) refers to stm32f10x_flash.o(i.FLASH_WaitForLastOperation) for FLASH_WaitForLastOperation
    stm32f10x_flash.o(i.FLASH_ReadOutProtection) refers to stm32f10x_flash.o(i.FLASH_WaitForLastOperation) for FLASH_WaitForLastOperation
    stm32f10x_flash.o(i.FLASH_UserOptionByteConfig) refers to stm32f10x_flash.o(i.FLASH_WaitForLastOperation) for FLASH_WaitForLastOperation
    stm32f10x_flash.o(i.FLASH_WaitForLastBank1Operation) refers to stm32f10x_flash.o(i.FLASH_GetBank1Status) for FLASH_GetBank1Status
    stm32f10x_flash.o(i.FLASH_WaitForLastOperation) refers to stm32f10x_flash.o(i.FLASH_GetBank1Status) for FLASH_GetBank1Status
    stm32f10x_gpio.o(i.GPIO_AFIODeInit) refers to stm32f10x_rcc.o(i.RCC_APB2PeriphResetCmd) for RCC_APB2PeriphResetCmd
    stm32f10x_gpio.o(i.GPIO_DeInit) refers to stm32f10x_rcc.o(i.RCC_APB2PeriphResetCmd) for RCC_APB2PeriphResetCmd
    stm32f10x_i2c.o(i.I2C_DeInit) refers to stm32f10x_rcc.o(i.RCC_APB1PeriphResetCmd) for RCC_APB1PeriphResetCmd
    stm32f10x_i2c.o(i.I2C_Init) refers to stm32f10x_rcc.o(i.RCC_GetClocksFreq) for RCC_GetClocksFreq
    stm32f10x_pwr.o(i.PWR_DeInit) refers to stm32f10x_rcc.o(i.RCC_APB1PeriphResetCmd) for RCC_APB1PeriphResetCmd
    stm32f10x_rcc.o(i.RCC_GetClocksFreq) refers to stm32f10x_rcc.o(.data) for APBAHBPrescTable
[...]
    bsp_ds18b20.o(i.DS18B20_GetTemp_MatchRom) refers to bsp_ds18b20.o(i.DS18B20_ReadByte) for DS18B20_ReadByte
    bsp_ds18b20.o(i.DS18B20_GetTemp_MatchRom) refers to dflti.o(.text) for __aeabi_i2d
    bsp_ds18b20.o(i.DS18B20_GetTemp_MatchRom) refers to dmul.o(.text) for __aeabi_dmul
    bsp_ds18b20.o(i.DS18B20_GetTemp_MatchRom) refers to d2f.o(.text) for __aeabi_d2f
    bsp_ds18b20.o(i.DS18B20_GetTemp_SkipRom) refers to bsp_ds18b20.o(i.DS18B20_SkipRom) for DS18B20_SkipRom
    bsp_ds18b20.o(i.DS18B20_GetTemp_SkipRom) refers to bsp_ds18b20.o(i.DS18B20_WriteByte) for DS18B20_WriteByte
    bsp_ds18b20.o(i.DS18B20_GetTemp_SkipRom) refers to bsp_ds18b20.o(i.DS18B20_ReadByte) for DS18B20_ReadByte
    bsp_ds18b20.o(i.DS18B20_GetTemp_SkipRom) refers to dflti.o(.text) for __aeabi_i2d
    bsp_ds18b20.o(i.DS18B20_GetTemp_SkipRom) refers to dmul.o(.text) for __aeabi_dmul
    bsp_ds18b20.o(i.DS18B20_GetTemp_SkipRom) refers to d2f.o(.text) for __aeabi_d2f
    bsp_ds18b20.o(i.DS18B20_Init) refers to bsp_ds18b20.o(i.DS18B20_GPIO_Config) for DS18B20_GPIO_Config
    bsp_ds18b20.o(i.DS18B20_Init) refers to stm32f10x_gpio.o(i.GPIO_SetBits) for GPIO_SetBits
    bsp_ds18b20.o(i.DS18B20_Init) refers to bsp_ds18b20.o(i.DS18B20_Rst) for DS18B20_Rst
    bsp_ds18b20.o(i.DS18B20_Init) refers to bsp_ds18b20.o(i.DS18B20_Presence) for DS18B20_Presence
    bsp_ds18b20.o(i.DS18B20_MatchRom) refers to bsp_ds18b20.o(i.DS18B20_Rst) for DS18B20_Rst
    bsp_ds18b20.o(i.DS18B20_MatchRom) refers to bsp_ds18b20.o(i.DS18B20_Presence) for DS18B20_Presence
    bsp_ds18b20.o(i.DS18B20_MatchRom) refers to bsp_ds18b20.o(i.DS18B20_WriteByte) for DS18B20_WriteByte
    bsp_ds18b20.o(i.DS18B20_Mode_IPU) refers to stm32f10x_gpio.o(i.GPIO_Init) for GPIO_Init
    bsp_ds18b20.o(i.DS18B20_Mode_Out_PP) refers to stm32f10x_gpio.o(i.GPIO_Init) for GPIO_Init
    bsp_ds18b20.o(i.DS18B20_Presence) refers to bsp_ds18b20.o(i.DS18B20_Mode_IPU) for DS18B20_Mode_IPU
    bsp_ds18b20.o(i.DS18B20_Presence) refers to delay.o(i.CPU_TS_Tmr_Delay_US) for CPU_TS_Tmr_Delay_US
    bsp_ds18b20.o(i.DS18B20_Presence) refers to stm32f10x_gpio.o(i.GPIO_ReadInputDataBit) for GPIO_ReadInputDataBit
    bsp_ds18b20.o(i.DS18B20_ReadBit) refers to bsp_ds18b20.o(i.DS18B20_Mode_Out_PP) for DS18B20_Mode_Out_PP
    bsp_ds18b20.o(i.DS18B20_ReadBit) refers to stm32f10x_gpio.o(i.GPIO_ResetBits) for GPIO_ResetBits
    bsp_ds18b20.o(i.DS18B20_ReadBit) refers to delay.o(i.CPU_TS_Tmr_Delay_US) for CPU_TS_Tmr_Delay_US
    bsp_ds18b20.o(i.DS18B20_ReadBit) refers to bsp_ds18b20.o(i.DS18B20_Mode_IPU) for DS18B20_Mode_IPU
    bsp_ds18b20.o(i.DS18B20_ReadBit) refers to stm32f10x_gpio.o(i.GPIO_ReadInputDataBit) for GPIO_ReadInputDataBit
    bsp_ds18b20.o(i.DS18B20_ReadByte) refers to bsp_ds18b20.o(i.DS18B20_ReadBit) for DS18B20_ReadBit
    bsp_ds18b20.o(i.DS18B20_ReadId) refers to bsp_ds18b20.o(i.DS18B20_WriteByte) for DS18B20_WriteByte
    bsp_ds18b20.o(i.DS18B20_ReadId) refers to bsp_ds18b20.o(i.DS18B20_ReadByte) for DS18B20_ReadByte
    bsp_ds18b20.o(i.DS18B20_Rst) refers to bsp_ds18b20.o(i.DS18B20_Mode_Out_PP) for DS18B20_Mode_Out_PP
    bsp_ds18b20.o(i.DS18B20_Rst) refers to stm32f10x_gpio.o(i.GPIO_ResetBits) for GPIO_ResetBits
    bsp_ds18b20.o(i.DS18B20_Rst) refers to delay.o(i.CPU_TS_Tmr_Delay_US) for CPU_TS_Tmr_Delay_US
    bsp_ds18b20.o(i.DS18B20_Rst) refers to stm32f10x_gpio.o(i.GPIO_SetBits) for GPIO_SetBits
    bsp_ds18b20.o(i.DS18B20_SkipRom) refers to bsp_ds18b20.o(i.DS18B20_Rst) for DS18B20_Rst
    bsp_ds18b20.o(i.DS18B20_SkipRom) refers to bsp_ds18b20.o(i.DS18B20_Presence) for DS18B20_Presence
    bsp_ds18b20.o(i.DS18B20_SkipRom) refers to bsp_ds18b20.o(i.DS18B20_WriteByte) for DS18B20_WriteByte
    bsp_ds18b20.o(i.DS18B20_WriteByte) refers to bsp_ds18b20.o(i.DS18B20_Mode_Out_PP) for DS18B20_Mode_Out_PP
    bsp_ds18b20.o(i.DS18B20_WriteByte) refers to stm32f10x_gpio.o(i.GPIO_ResetBits) for GPIO_ResetBits
    bsp_ds18b20.o(i.DS18B20_WriteByte) refers to delay.o(i.CPU_TS_Tmr_Delay_US) for CPU_TS_Tmr_Delay_US
    bsp_ds18b20.o(i.DS18B20_WriteByte) refers to stm32f10x_gpio.o(i.GPIO_SetBits) for GPIO_SetBits
    bsp_usart.o(i.NVIC_Configuration) refers to misc.o(i.NVIC_PriorityGroupConfig) for NVIC_PriorityGroupConfig
    bsp_usart.o(i.NVIC_Configuration) refers to misc.o(i.NVIC_Init) for NVIC_Init
    bsp_usart.o(i.USART_Config) refers to stm32f10x_rcc.o(i.RCC_APB2PeriphClockCmd) for RCC_APB2PeriphClockCmd
    bsp_usart.o(i.USART_Config) refers to stm32f10x_rcc.o(i.RCC_APB1PeriphClockCmd) for RCC_APB1PeriphClockCmd
    bsp_usart.o(i.USART_Config) refers to stm32f10x_gpio.o(i.GPIO_Init) for GPIO_Init
    bsp_usart.o(i.USART_Config) refers to stm32f10x_usart.o(i.USART_Init) for USART_Init
    bsp_usart.o(i.USART_Config) refers to bsp_usart.o(i.NVIC_Configuration) for NVIC_Configuration
    bsp_usart.o(i.USART_Config) refers to stm32f10x_usart.o(i.USART_ITConfig) for USART_ITConfig
    bsp_usart.o(i.USART_Config) refers to stm32f10x_usart.o(i.USART_Cmd) for USART_Cmd
    bsp_usart.o(i.Usart_SendByte) refers to stm32f10x_usart.o(i.USART_SendData) for USART_SendData
    bsp_usart.o(i.Usart_SendByte) refers to stm32f10x_usart.o(i.USART_GetFlagStatus) for USART_GetFlagStatus
    bsp_usart.o(i.Usart_SendHalfWord) refers to stm32f10x_usart.o(i.USART_SendData) for USART_SendData
    bsp_usart.o(i.Usart_SendHalfWord) refers to stm32f10x_usart.o(i.USART_GetFlagStatus) for USART_GetFlagStatus
    bsp_usart.o(i.Usart_SendString) refers to bsp_usart.o(i.Usart_SendByte) for Usart_SendByte
    bsp_usart.o(i.Usart_SendString) refers to stm32f10x_usart.o(i.USART_GetFlagStatus) for USART_GetFlagStatus
    bsp_usart.o(i.fgetc) refers to stm32f10x_usart.o(i.USART_GetFlagStatus) for USART_GetFlagStatus
    bsp_usart.o(i.fgetc) refers to stm32f10x_usart.o(i.USART_ReceiveData) for USART_ReceiveData
    bsp_usart.o(i.fputc) refers to stm32f10x_usart.o(i.USART_SendData) for USART_SendData
    bsp_usart.o(i.fputc) refers to stm32f10x_usart.o(i.USART_GetFlagStatus) for USART_GetFlagStatus
    entry.o(.ARM.Collect$$$$00000000) refers (Special) to entry10a.o(.ARM.Collect$$$$0000000D) for __rt_final_cpp
    entry.o(.ARM.Collect$$$$00000000) refers (Special) to entry11a.o(.ARM.Collect$$$$0000000F) for __rt_final_exit
    entry.o(.ARM.Collect$$$$00000000) refers (Special) to entry7b.o(.ARM.Collect$$$$00000008) for _main_clock
    entry.o(.ARM.Collect$$$$00000000) refers (Special) to entry8b.o(.ARM.Collect$$$$0000000A) for _main_cpp_init
    entry.o(.ARM.Collect$$$$00000000) refers (Special) to entry9a.o(.ARM.Collect$$$$0000000B) for _main_init
    entry.o(.ARM.Collect$$$$00000000) refers (Special) to entry5.o(.ARM.Collect$$$$00000004) for _main_scatterload
    entry.o(.ARM.Collect$$$$00000000) refers (Special) to entry2.o(.ARM.Collect$$$$00000001) for _main_stk
    dmul.o(.text) refers (Special) to iusefp.o(.text) for __I$use$fp
    dmul.o(.text) refers to depilogue.o(.text) for _double_epilogue
    dflti.o(.text) refers (Special) to iusefp.o(.text) for __I$use$fp
    dflti.o(.text) refers to depilogue.o(.text) for _double_epilogue
    ffixi.o(.text) refers (Special) to iusefp.o(.text) for __I$use$fp
    ffixui.o(.text) refers (Special) to iusefp.o(.text) for __I$use$fp
    d2f.o(.text) refers (Special) to iusefp.o(.text) for __I$use$fp
    d2f.o(.text) refers to fepilogue.o(.text) for _float_round
    entry2.o(.ARM.Collect$$$$00000001) refers to entry2.o(.ARM.Collect$$$$00002712) for __lit__00000000
    entry2.o(.ARM.Collect$$$$00002712) refers to startup_stm32f10x_md.o(STACK) for __initial_sp
    entry2.o(__vectab_stack_and_reset_area) refers to startup_stm32f10x_md.o(STACK) for __initial_sp
    entry2.o(__vectab_stack_and_reset_area) refers to entry.o(.ARM.Collect$$$$00000000) for __main
    entry5.o(.ARM.Collect$$$$00000004) refers to init.o(.text) for __scatterload
    entry9a.o(.ARM.Collect$$$$0000000B) refers to main.o(i.main) for main
    entry9b.o(.ARM.Collect$$$$0000000C) refers to main.o(i.main) for main
    depilogue.o(.text) refers to llshl.o(.text) for __aeabi_llsl
    depilogue.o(.text) refers to llushr.o(.text) for __aeabi_llsr
    init.o(.text) refers to entry5.o(.ARM.Collect$$$$00000004) for __main_after_scatterload


==============================================================================

Removing Unused input sections from the image.

    Removing startup_stm32f10x_md.o(HEAP), (512 bytes).
    Removing core_cm3.o(.emb_text), (32 bytes).
    Removing system_stm32f10x.o(i.SystemCoreClockUpdate), (164 bytes).
    Removing misc.o(i.NVIC_SetVectorTable), (20 bytes).
    Removing misc.o(i.NVIC_SystemLPConfig), (32 bytes).
    Removing stm32f10x_adc.o(i.ADC_AnalogWatchdogCmd), (20 bytes).
    Removing stm32f10x_adc.o(i.ADC_AnalogWatchdogSingleChannelConfig), (16 bytes).
    Removing stm32f10x_adc.o(i.ADC_AnalogWatchdogThresholdsConfig), (6 bytes).
    Removing stm32f10x_adc.o(i.ADC_AutoInjectedConvCmd), (22 bytes).
    Removing stm32f10x_adc.o(i.ADC_ClearFlag), (6 bytes).
    Removing stm32f10x_adc.o(i.ADC_ClearITPendingBit), (10 bytes).
    Removing stm32f10x_adc.o(i.ADC_Cmd), (22 bytes).
    Removing stm32f10x_adc.o(i.ADC_DMACmd), (22 bytes).
    Removing stm32f10x_adc.o(i.ADC_DeInit), (92 bytes).
    Removing stm32f10x_adc.o(i.ADC_DiscModeChannelCountConfig), (24 bytes).
    Removing stm32f10x_adc.o(i.ADC_DiscModeCmd), (22 bytes).
    Removing stm32f10x_adc.o(i.ADC_ExternalTrigConvCmd), (22 bytes).
    Removing stm32f10x_adc.o(i.ADC_ExternalTrigInjectedConvCmd), (22 bytes).
    Removing stm32f10x_adc.o(i.ADC_ExternalTrigInjectedConvConfig), (16 bytes).
    Removing stm32f10x_adc.o(i.ADC_GetCalibrationStatus), (20 bytes).
    Removing stm32f10x_adc.o(i.ADC_GetConversionValue), (8 bytes).
    Removing stm32f10x_adc.o(i.ADC_GetDualModeConversionValue), (12 bytes).
    Removing stm32f10x_adc.o(i.ADC_GetFlagStatus), (18 bytes).
    Removing stm32f10x_adc.o(i.ADC_GetITStatus), (36 bytes).
    Removing stm32f10x_adc.o(i.ADC_GetInjectedConversionValue), (28 bytes).
    Removing stm32f10x_adc.o(i.ADC_GetResetCalibrationStatus), (20 bytes).
    Removing stm32f10x_adc.o(i.ADC_GetSoftwareStartConvStatus), (20 bytes).
    Removing stm32f10x_adc.o(i.ADC_GetSoftwareStartInjectedConvCmdStatus), (20 bytes).
    Removing stm32f10x_adc.o(i.ADC_ITConfig), (24 bytes).
    Removing stm32f10x_adc.o(i.ADC_Init), (80 bytes).
    Removing stm32f10x_adc.o(i.ADC_InjectedChannelConfig), (130 bytes).
    Removing stm32f10x_adc.o(i.ADC_InjectedDiscModeCmd), (22 bytes).
    Removing stm32f10x_adc.o(i.ADC_InjectedSequencerLengthConfig), (24 bytes).
    Removing stm32f10x_adc.o(i.ADC_RegularChannelConfig), (184 bytes).
    Removing stm32f10x_adc.o(i.ADC_ResetCalibration), (10 bytes).
    Removing stm32f10x_adc.o(i.ADC_SetInjectedOffset), (20 bytes).
    Removing stm32f10x_adc.o(i.ADC_SoftwareStartConvCmd), (22 bytes).
    Removing stm32f10x_adc.o(i.ADC_SoftwareStartInjectedConvCmd), (22 bytes).
    Removing stm32f10x_adc.o(i.ADC_StartCalibration), (10 bytes).
    Removing stm32f10x_adc.o(i.ADC_StructInit), (18 bytes).
    Removing stm32f10x_adc.o(i.ADC_TempSensorVrefintCmd), (36 bytes).
    Removing stm32f10x_bkp.o(i.BKP_ClearFlag), (20 bytes).
    Removing stm32f10x_bkp.o(i.BKP_ClearITPendingBit), (20 bytes).
    Removing stm32f10x_bkp.o(i.BKP_DeInit), (16 bytes).
    Removing stm32f10x_bkp.o(i.BKP_GetFlagStatus), (12 bytes).
    Removing stm32f10x_bkp.o(i.BKP_GetITStatus), (12 bytes).
    Removing stm32f10x_bkp.o(i.BKP_ITConfig), (12 bytes).
    Removing stm32f10x_bkp.o(i.BKP_RTCOutputConfig), (28 bytes).
    Removing stm32f10x_bkp.o(i.BKP_ReadBackupRegister), (28 bytes).
    Removing stm32f10x_bkp.o(i.BKP_SetRTCCalibrationValue), (28 bytes).
    Removing stm32f10x_bkp.o(i.BKP_TamperPinCmd), (12 bytes).
    Removing stm32f10x_bkp.o(i.BKP_TamperPinLevelConfig), (12 bytes).
    Removing stm32f10x_bkp.o(i.BKP_WriteBackupRegister), (28 bytes).
    Removing stm32f10x_can.o(i.CAN_CancelTransmit), (48 bytes).
    Removing stm32f10x_can.o(i.CAN_ClearFlag), (56 bytes).
    Removing stm32f10x_can.o(i.CAN_ClearITPendingBit), (168 bytes).
    Removing stm32f10x_can.o(i.CAN_DBGFreeze), (22 bytes).
    Removing stm32f10x_can.o(i.CAN_DeInit), (56 bytes).
    Removing stm32f10x_can.o(i.CAN_FIFORelease), (22 bytes).
    Removing stm32f10x_can.o(i.CAN_FilterInit), (264 bytes).
    Removing stm32f10x_can.o(i.CAN_GetFlagStatus), (120 bytes).
    Removing stm32f10x_can.o(i.CAN_GetITStatus), (288 bytes).
    Removing stm32f10x_can.o(i.CAN_GetLSBTransmitErrorCounter), (12 bytes).
    Removing stm32f10x_can.o(i.CAN_GetLastErrorCode), (12 bytes).
    Removing stm32f10x_can.o(i.CAN_GetReceiveErrorCounter), (10 bytes).
    Removing stm32f10x_can.o(i.CAN_ITConfig), (18 bytes).
    Removing stm32f10x_can.o(i.CAN_Init), (276 bytes).
    Removing stm32f10x_can.o(i.CAN_MessagePending), (30 bytes).
    Removing stm32f10x_can.o(i.CAN_OperatingModeRequest), (162 bytes).
    Removing stm32f10x_can.o(i.CAN_Receive), (240 bytes).
    Removing stm32f10x_can.o(i.CAN_SlaveStartBank), (52 bytes).
    Removing stm32f10x_can.o(i.CAN_Sleep), (30 bytes).
    Removing stm32f10x_can.o(i.CAN_StructInit), (32 bytes).
    Removing stm32f10x_can.o(i.CAN_TTComModeCmd), (118 bytes).
    Removing stm32f10x_can.o(i.CAN_Transmit), (294 bytes).
    Removing stm32f10x_can.o(i.CAN_TransmitStatus), (160 bytes).
    Removing stm32f10x_can.o(i.CAN_WakeUp), (48 bytes).
    Removing stm32f10x_can.o(i.CheckITStatus), (18 bytes).
    Removing stm32f10x_cec.o(i.CEC_ClearFlag), (36 bytes).
    Removing stm32f10x_cec.o(i.CEC_ClearITPendingBit), (36 bytes).
    Removing stm32f10x_cec.o(i.CEC_Cmd), (32 bytes).
    Removing stm32f10x_cec.o(i.CEC_DeInit), (22 bytes).
    Removing stm32f10x_cec.o(i.CEC_EndOfMessageCmd), (12 bytes).
    Removing stm32f10x_cec.o(i.CEC_GetFlagStatus), (48 bytes).
    Removing stm32f10x_cec.o(i.CEC_GetITStatus), (40 bytes).
    Removing stm32f10x_cec.o(i.CEC_ITConfig), (12 bytes).
    Removing stm32f10x_cec.o(i.CEC_Init), (32 bytes).
    Removing stm32f10x_cec.o(i.CEC_OwnAddressConfig), (12 bytes).
    Removing stm32f10x_cec.o(i.CEC_ReceiveDataByte), (12 bytes).
    Removing stm32f10x_cec.o(i.CEC_SendDataByte), (12 bytes).
    Removing stm32f10x_cec.o(i.CEC_SetPrescaler), (12 bytes).
    Removing stm32f10x_cec.o(i.CEC_StartOfMessage), (12 bytes).
    Removing stm32f10x_crc.o(i.CRC_CalcBlockCRC), (36 bytes).
    Removing stm32f10x_crc.o(i.CRC_CalcCRC), (16 bytes).
    Removing stm32f10x_crc.o(i.CRC_GetCRC), (12 bytes).
    Removing stm32f10x_crc.o(i.CRC_GetIDRegister), (12 bytes).
    Removing stm32f10x_crc.o(i.CRC_ResetDR), (12 bytes).
    Removing stm32f10x_crc.o(i.CRC_SetIDRegister), (12 bytes).
    Removing stm32f10x_dac.o(i.DAC_Cmd), (40 bytes).
    Removing stm32f10x_dac.o(i.DAC_DMACmd), (44 bytes).
    Removing stm32f10x_dac.o(i.DAC_DeInit), (22 bytes).
    Removing stm32f10x_dac.o(i.DAC_DualSoftwareTriggerCmd), (36 bytes).
    Removing stm32f10x_dac.o(i.DAC_GetDataOutputValue), (36 bytes).
    Removing stm32f10x_dac.o(i.DAC_Init), (52 bytes).
    Removing stm32f10x_dac.o(i.DAC_SetChannel1Data), (32 bytes).
    Removing stm32f10x_dac.o(i.DAC_SetChannel2Data), (32 bytes).
    Removing stm32f10x_dac.o(i.DAC_SetDualChannelData), (36 bytes).
    Removing stm32f10x_dac.o(i.DAC_SoftwareTriggerCmd), (44 bytes).
    Removing stm32f10x_dac.o(i.DAC_StructInit), (12 bytes).
    Removing stm32f10x_dac.o(i.DAC_WaveGenerationCmd), (40 bytes).
    Removing stm32f10x_dbgmcu.o(i.DBGMCU_Config), (32 bytes).
    Removing stm32f10x_dbgmcu.o(i.DBGMCU_GetDEVID), (16 bytes).
    Removing stm32f10x_dbgmcu.o(i.DBGMCU_GetREVID), (12 bytes).
    Removing stm32f10x_dma.o(i.DMA_ClearFlag), (28 bytes).
    Removing stm32f10x_dma.o(i.DMA_ClearITPendingBit), (28 bytes).
    Removing stm32f10x_dma.o(i.DMA_Cmd), (24 bytes).
    Removing stm32f10x_dma.o(i.DMA_DeInit), (332 bytes).
    Removing stm32f10x_dma.o(i.DMA_GetCurrDataCounter), (8 bytes).
    Removing stm32f10x_dma.o(i.DMA_GetFlagStatus), (44 bytes).
    Removing stm32f10x_dma.o(i.DMA_GetITStatus), (44 bytes).
    Removing stm32f10x_dma.o(i.DMA_ITConfig), (18 bytes).
    Removing stm32f10x_dma.o(i.DMA_Init), (60 bytes).
    Removing stm32f10x_dma.o(i.DMA_SetCurrDataCounter), (4 bytes).
    Removing stm32f10x_dma.o(i.DMA_StructInit), (26 bytes).
    Removing stm32f10x_exti.o(i.EXTI_ClearFlag), (12 bytes).
    Removing stm32f10x_exti.o(i.EXTI_ClearITPendingBit), (12 bytes).
    Removing stm32f10x_exti.o(i.EXTI_DeInit), (36 bytes).
    Removing stm32f10x_exti.o(i.EXTI_GenerateSWInterrupt), (16 bytes).
    Removing stm32f10x_exti.o(i.EXTI_GetFlagStatus), (24 bytes).
    Removing stm32f10x_exti.o(i.EXTI_GetITStatus), (40 bytes).
    Removing stm32f10x_exti.o(i.EXTI_Init), (148 bytes).
    Removing stm32f10x_exti.o(i.EXTI_StructInit), (16 bytes).
    Removing stm32f10x_flash.o(i.FLASH_ClearFlag), (12 bytes).
    Removing stm32f10x_flash.o(i.FLASH_EnableWriteProtection), (196 bytes).
    Removing stm32f10x_flash.o(i.FLASH_EraseAllBank1Pages), (72 bytes).
    Removing stm32f10x_flash.o(i.FLASH_EraseAllPages), (72 bytes).
    Removing stm32f10x_flash.o(i.FLASH_EraseOptionBytes), (168 bytes).
    Removing stm32f10x_flash.o(i.FLASH_ErasePage), (76 bytes).
    Removing stm32f10x_flash.o(i.FLASH_GetBank1Status), (52 bytes).
    Removing stm32f10x_flash.o(i.FLASH_GetFlagStatus), (48 bytes).
    Removing stm32f10x_flash.o(i.FLASH_GetPrefetchBufferStatus), (24 bytes).
    Removing stm32f10x_flash.o(i.FLASH_GetReadOutProtectionStatus), (24 bytes).
    Removing stm32f10x_flash.o(i.FLASH_GetStatus), (52 bytes).
    Removing stm32f10x_flash.o(i.FLASH_GetUserOptionByte), (12 bytes).
    Removing stm32f10x_flash.o(i.FLASH_GetWriteProtectionOptionByte), (12 bytes).
    Removing stm32f10x_flash.o(i.FLASH_HalfCycleAccessCmd), (28 bytes).
    Removing stm32f10x_flash.o(i.FLASH_ITConfig), (32 bytes).
    Removing stm32f10x_flash.o(i.FLASH_Lock), (20 bytes).
    Removing stm32f10x_flash.o(i.FLASH_LockBank1), (20 bytes).
    Removing stm32f10x_flash.o(i.FLASH_PrefetchBufferCmd), (28 bytes).
    Removing stm32f10x_flash.o(i.FLASH_ProgramHalfWord), (64 bytes).
    Removing stm32f10x_flash.o(i.FLASH_ProgramOptionByteData), (84 bytes).
    Removing stm32f10x_flash.o(i.FLASH_ProgramWord), (108 bytes).
    Removing stm32f10x_flash.o(i.FLASH_ReadOutProtection), (172 bytes).
    Removing stm32f10x_flash.o(i.FLASH_SetLatency), (24 bytes).
    Removing stm32f10x_flash.o(i.FLASH_Unlock), (24 bytes).
    Removing stm32f10x_flash.o(i.FLASH_UnlockBank1), (24 bytes).
    Removing stm32f10x_flash.o(i.FLASH_UserOptionByteConfig), (104 bytes).
    Removing stm32f10x_flash.o(i.FLASH_WaitForLastBank1Operation), (38 bytes).
    Removing stm32f10x_flash.o(i.FLASH_WaitForLastOperation), (38 bytes).
    Removing stm32f10x_fsmc.o(i.FSMC_ClearFlag), (64 bytes).
    Removing stm32f10x_fsmc.o(i.FSMC_ClearITPendingBit), (72 bytes).
    Removing stm32f10x_fsmc.o(i.FSMC_GetECC), (28 bytes).
    Removing stm32f10x_fsmc.o(i.FSMC_GetFlagStatus), (56 bytes).
    Removing stm32f10x_fsmc.o(i.FSMC_GetITStatus), (68 bytes).
    Removing stm32f10x_fsmc.o(i.FSMC_ITConfig), (128 bytes).
    Removing stm32f10x_fsmc.o(i.FSMC_NANDCmd), (92 bytes).
    Removing stm32f10x_fsmc.o(i.FSMC_NANDDeInit), (68 bytes).
    Removing stm32f10x_fsmc.o(i.FSMC_NANDECCCmd), (92 bytes).
    Removing stm32f10x_fsmc.o(i.FSMC_NANDInit), (136 bytes).
    Removing stm32f10x_fsmc.o(i.FSMC_NANDStructInit), (54 bytes).
    Removing stm32f10x_fsmc.o(i.FSMC_NORSRAMCmd), (52 bytes).
    Removing stm32f10x_fsmc.o(i.FSMC_NORSRAMDeInit), (54 bytes).
    Removing stm32f10x_fsmc.o(i.FSMC_NORSRAMInit), (230 bytes).
    Removing stm32f10x_fsmc.o(i.FSMC_NORSRAMStructInit), (114 bytes).
    Removing stm32f10x_fsmc.o(i.FSMC_PCCARDCmd), (48 bytes).
    Removing stm32f10x_fsmc.o(i.FSMC_PCCARDDeInit), (40 bytes).
    Removing stm32f10x_fsmc.o(i.FSMC_PCCARDInit), (132 bytes).
    Removing stm32f10x_fsmc.o(i.FSMC_PCCARDStructInit), (60 bytes).
    Removing stm32f10x_gpio.o(i.GPIO_AFIODeInit), (20 bytes).
    Removing stm32f10x_gpio.o(i.GPIO_DeInit), (200 bytes).
    Removing stm32f10x_gpio.o(i.GPIO_ETH_MediaInterfaceConfig), (12 bytes).
    Removing stm32f10x_gpio.o(i.GPIO_EXTILineConfig), (64 bytes).
    Removing stm32f10x_gpio.o(i.GPIO_EventOutputCmd), (12 bytes).
    Removing stm32f10x_gpio.o(i.GPIO_EventOutputConfig), (32 bytes).
    Removing stm32f10x_gpio.o(i.GPIO_PinLockConfig), (18 bytes).
    Removing stm32f10x_gpio.o(i.GPIO_ReadInputData), (8 bytes).
    Removing stm32f10x_gpio.o(i.GPIO_ReadOutputData), (8 bytes).
    Removing stm32f10x_gpio.o(i.GPIO_ReadOutputDataBit), (18 bytes).
    Removing stm32f10x_gpio.o(i.GPIO_StructInit), (16 bytes).
    Removing stm32f10x_gpio.o(i.GPIO_Write), (4 bytes).
    Removing stm32f10x_gpio.o(i.GPIO_WriteBit), (10 bytes).
    Removing stm32f10x_i2c.o(i.I2C_ARPCmd), (24 bytes).
    Removing stm32f10x_i2c.o(i.I2C_AcknowledgeConfig), (24 bytes).
    Removing stm32f10x_i2c.o(i.I2C_CalculatePEC), (24 bytes).
    Removing stm32f10x_i2c.o(i.I2C_CheckEvent), (42 bytes).
    Removing stm32f10x_i2c.o(i.I2C_ClearFlag), (12 bytes).
    Removing stm32f10x_i2c.o(i.I2C_ClearITPendingBit), (12 bytes).
    Removing stm32f10x_i2c.o(i.I2C_Cmd), (24 bytes).
    Removing stm32f10x_i2c.o(i.I2C_DMACmd), (24 bytes).
    Removing stm32f10x_i2c.o(i.I2C_DMALastTransferCmd), (24 bytes).
    Removing stm32f10x_i2c.o(i.I2C_DeInit), (56 bytes).
    Removing stm32f10x_i2c.o(i.I2C_DualAddressCmd), (24 bytes).
    Removing stm32f10x_i2c.o(i.I2C_FastModeDutyCycleConfig), (28 bytes).
    Removing stm32f10x_i2c.o(i.I2C_GeneralCallCmd), (24 bytes).
    Removing stm32f10x_i2c.o(i.I2C_GenerateSTART), (24 bytes).
    Removing stm32f10x_i2c.o(i.I2C_GenerateSTOP), (24 bytes).
    Removing stm32f10x_i2c.o(i.I2C_GetFlagStatus), (58 bytes).
    Removing stm32f10x_i2c.o(i.I2C_GetITStatus), (38 bytes).
    Removing stm32f10x_i2c.o(i.I2C_GetLastEvent), (26 bytes).
    Removing stm32f10x_i2c.o(i.I2C_GetPEC), (8 bytes).
    Removing stm32f10x_i2c.o(i.I2C_ITConfig), (18 bytes).
    Removing stm32f10x_i2c.o(i.I2C_Init), (236 bytes).
    Removing stm32f10x_i2c.o(i.I2C_NACKPositionConfig), (28 bytes).
    Removing stm32f10x_i2c.o(i.I2C_OwnAddress2Config), (22 bytes).
    Removing stm32f10x_i2c.o(i.I2C_PECPositionConfig), (28 bytes).
    Removing stm32f10x_i2c.o(i.I2C_ReadRegister), (22 bytes).
    Removing stm32f10x_i2c.o(i.I2C_ReceiveData), (8 bytes).
    Removing stm32f10x_i2c.o(i.I2C_SMBusAlertConfig), (28 bytes).
    Removing stm32f10x_i2c.o(i.I2C_Send7bitAddress), (18 bytes).
    Removing stm32f10x_i2c.o(i.I2C_SendData), (4 bytes).
    Removing stm32f10x_i2c.o(i.I2C_SoftwareResetCmd), (22 bytes).
    Removing stm32f10x_i2c.o(i.I2C_StretchClockCmd), (24 bytes).
    Removing stm32f10x_i2c.o(i.I2C_StructInit), (30 bytes).
    Removing stm32f10x_i2c.o(i.I2C_TransmitPEC), (24 bytes).
    Removing stm32f10x_iwdg.o(i.IWDG_Enable), (16 bytes).
    Removing stm32f10x_iwdg.o(i.IWDG_GetFlagStatus), (24 bytes).
    Removing stm32f10x_iwdg.o(i.IWDG_ReloadCounter), (16 bytes).
    Removing stm32f10x_iwdg.o(i.IWDG_SetPrescaler), (12 bytes).
    Removing stm32f10x_iwdg.o(i.IWDG_SetReload), (12 bytes).
    Removing stm32f10x_iwdg.o(i.IWDG_WriteAccessCmd), (12 bytes).
    Removing stm32f10x_pwr.o(i.PWR_BackupAccessCmd), (12 bytes).
    Removing stm32f10x_pwr.o(i.PWR_ClearFlag), (20 bytes).
    Removing stm32f10x_pwr.o(i.PWR_DeInit), (22 bytes).
    Removing stm32f10x_pwr.o(i.PWR_EnterSTANDBYMode), (52 bytes).
    Removing stm32f10x_pwr.o(i.PWR_EnterSTOPMode), (64 bytes).
    Removing stm32f10x_pwr.o(i.PWR_GetFlagStatus), (24 bytes).
    Removing stm32f10x_pwr.o(i.PWR_PVDCmd), (12 bytes).
    Removing stm32f10x_pwr.o(i.PWR_PVDLevelConfig), (24 bytes).
    Removing stm32f10x_pwr.o(i.PWR_WakeUpPinCmd), (12 bytes).
    Removing stm32f10x_rcc.o(i.RCC_ADCCLKConfig), (24 bytes).
    Removing stm32f10x_rcc.o(i.RCC_AHBPeriphClockCmd), (32 bytes).
    Removing stm32f10x_rcc.o(i.RCC_APB1PeriphResetCmd), (32 bytes).
    Removing stm32f10x_rcc.o(i.RCC_APB2PeriphResetCmd), (32 bytes).
    Removing stm32f10x_rcc.o(i.RCC_AdjustHSICalibrationValue), (24 bytes).
    Removing stm32f10x_rcc.o(i.RCC_BackupResetCmd), (12 bytes).
    Removing stm32f10x_rcc.o(i.RCC_ClearFlag), (20 bytes).
    Removing stm32f10x_rcc.o(i.RCC_ClearITPendingBit), (12 bytes).
    Removing stm32f10x_rcc.o(i.RCC_ClockSecuritySystemCmd), (12 bytes).
    Removing stm32f10x_rcc.o(i.RCC_DeInit), (76 bytes).
    Removing stm32f10x_rcc.o(i.RCC_GetFlagStatus), (60 bytes).
    Removing stm32f10x_rcc.o(i.RCC_GetITStatus), (24 bytes).
    Removing stm32f10x_rcc.o(i.RCC_GetSYSCLKSource), (16 bytes).
    Removing stm32f10x_rcc.o(i.RCC_HCLKConfig), (24 bytes).
    Removing stm32f10x_rcc.o(i.RCC_HSEConfig), (76 bytes).
    Removing stm32f10x_rcc.o(i.RCC_HSICmd), (12 bytes).
    Removing stm32f10x_rcc.o(i.RCC_ITConfig), (32 bytes).
    Removing stm32f10x_rcc.o(i.RCC_LSEConfig), (52 bytes).
    Removing stm32f10x_rcc.o(i.RCC_LSICmd), (12 bytes).
    Removing stm32f10x_rcc.o(i.RCC_MCOConfig), (12 bytes).
    Removing stm32f10x_rcc.o(i.RCC_PCLK1Config), (24 bytes).
    Removing stm32f10x_rcc.o(i.RCC_PCLK2Config), (24 bytes).
    Removing stm32f10x_rcc.o(i.RCC_PLLCmd), (12 bytes).
    Removing stm32f10x_rcc.o(i.RCC_PLLConfig), (28 bytes).
    Removing stm32f10x_rcc.o(i.RCC_RTCCLKCmd), (12 bytes).
    Removing stm32f10x_rcc.o(i.RCC_RTCCLKConfig), (16 bytes).
    Removing stm32f10x_rcc.o(i.RCC_SYSCLKConfig), (24 bytes).
    Removing stm32f10x_rcc.o(i.RCC_USBCLKConfig), (12 bytes).
    Removing stm32f10x_rcc.o(i.RCC_WaitForHSEStartUp), (56 bytes).
    Removing stm32f10x_rtc.o(i.RTC_ClearFlag), (16 bytes).
    Removing stm32f10x_rtc.o(i.RTC_ClearITPendingBit), (16 bytes).
    Removing stm32f10x_rtc.o(i.RTC_EnterConfigMode), (20 bytes).
    Removing stm32f10x_rtc.o(i.RTC_ExitConfigMode), (20 bytes).
    Removing stm32f10x_rtc.o(i.RTC_GetCounter), (20 bytes).
    Removing stm32f10x_rtc.o(i.RTC_GetDivider), (24 bytes).
    Removing stm32f10x_rtc.o(i.RTC_GetFlagStatus), (24 bytes).
    Removing stm32f10x_rtc.o(i.RTC_GetITStatus), (36 bytes).
    Removing stm32f10x_rtc.o(i.RTC_ITConfig), (32 bytes).
    Removing stm32f10x_rtc.o(i.RTC_SetAlarm), (28 bytes).
    Removing stm32f10x_rtc.o(i.RTC_SetCounter), (28 bytes).
    Removing stm32f10x_rtc.o(i.RTC_SetPrescaler), (32 bytes).
    Removing stm32f10x_rtc.o(i.RTC_WaitForLastTask), (20 bytes).
    Removing stm32f10x_rtc.o(i.RTC_WaitForSynchro), (36 bytes).
    Removing stm32f10x_sdio.o(i.SDIO_CEATAITCmd), (16 bytes).
    Removing stm32f10x_sdio.o(i.SDIO_ClearFlag), (12 bytes).
    Removing stm32f10x_sdio.o(i.SDIO_ClearITPendingBit), (12 bytes).
    Removing stm32f10x_sdio.o(i.SDIO_ClockCmd), (12 bytes).
    Removing stm32f10x_sdio.o(i.SDIO_CmdStructInit), (14 bytes).
    Removing stm32f10x_sdio.o(i.SDIO_CommandCompletionCmd), (12 bytes).
    Removing stm32f10x_sdio.o(i.SDIO_DMACmd), (12 bytes).
    Removing stm32f10x_sdio.o(i.SDIO_DataConfig), (48 bytes).
    Removing stm32f10x_sdio.o(i.SDIO_DataStructInit), (20 bytes).
    Removing stm32f10x_sdio.o(i.SDIO_DeInit), (36 bytes).
    Removing stm32f10x_sdio.o(i.SDIO_GetCommandResponse), (12 bytes).
    Removing stm32f10x_sdio.o(i.SDIO_GetDataCounter), (12 bytes).
    Removing stm32f10x_sdio.o(i.SDIO_GetFIFOCount), (12 bytes).
    Removing stm32f10x_sdio.o(i.SDIO_GetFlagStatus), (24 bytes).
    Removing stm32f10x_sdio.o(i.SDIO_GetITStatus), (24 bytes).
    Removing stm32f10x_sdio.o(i.SDIO_GetPowerState), (16 bytes).
    Removing stm32f10x_sdio.o(i.SDIO_GetResponse), (24 bytes).
    Removing stm32f10x_sdio.o(i.SDIO_ITConfig), (32 bytes).
    Removing stm32f10x_sdio.o(i.SDIO_Init), (48 bytes).
    Removing stm32f10x_sdio.o(i.SDIO_ReadData), (12 bytes).
    Removing stm32f10x_sdio.o(i.SDIO_SendCEATACmd), (12 bytes).
    Removing stm32f10x_sdio.o(i.SDIO_SendCommand), (44 bytes).
    Removing stm32f10x_sdio.o(i.SDIO_SendSDIOSuspendCmd), (12 bytes).
    Removing stm32f10x_sdio.o(i.SDIO_SetPowerState), (28 bytes).
    Removing stm32f10x_sdio.o(i.SDIO_SetSDIOOperation), (12 bytes).
    Removing stm32f10x_sdio.o(i.SDIO_SetSDIOReadWaitMode), (12 bytes).
    Removing stm32f10x_sdio.o(i.SDIO_StartSDIOReadWait), (12 bytes).
    Removing stm32f10x_sdio.o(i.SDIO_StopSDIOReadWait), (12 bytes).
    Removing stm32f10x_sdio.o(i.SDIO_StructInit), (16 bytes).
    Removing stm32f10x_sdio.o(i.SDIO_WriteData), (12 bytes).
    Removing stm32f10x_spi.o(i.I2S_Cmd), (24 bytes).
    Removing stm32f10x_spi.o(i.I2S_Init), (232 bytes).
    Removing stm32f10x_spi.o(i.I2S_StructInit), (20 bytes).
    Removing stm32f10x_spi.o(i.SPI_BiDirectionalLineConfig), (28 bytes).
    Removing stm32f10x_spi.o(i.SPI_CalculateCRC), (24 bytes).
    Removing stm32f10x_spi.o(i.SPI_Cmd), (24 bytes).
    Removing stm32f10x_spi.o(i.SPI_DataSizeConfig), (18 bytes).
    Removing stm32f10x_spi.o(i.SPI_GetCRC), (16 bytes).
    Removing stm32f10x_spi.o(i.SPI_GetCRCPolynomial), (6 bytes).
    Removing stm32f10x_spi.o(i.SPI_I2S_ClearFlag), (6 bytes).
    Removing stm32f10x_spi.o(i.SPI_I2S_ClearITPendingBit), (20 bytes).
    Removing stm32f10x_spi.o(i.SPI_I2S_DMACmd), (18 bytes).
    Removing stm32f10x_spi.o(i.SPI_I2S_DeInit), (88 bytes).
    Removing stm32f10x_spi.o(i.SPI_I2S_GetFlagStatus), (18 bytes).
    Removing stm32f10x_spi.o(i.SPI_I2S_GetITStatus), (52 bytes).
    Removing stm32f10x_spi.o(i.SPI_I2S_ITConfig), (32 bytes).
    Removing stm32f10x_spi.o(i.SPI_I2S_ReceiveData), (6 bytes).
    Removing stm32f10x_spi.o(i.SPI_I2S_SendData), (4 bytes).
    Removing stm32f10x_spi.o(i.SPI_Init), (60 bytes).
    Removing stm32f10x_spi.o(i.SPI_NSSInternalSoftwareConfig), (30 bytes).
    Removing stm32f10x_spi.o(i.SPI_SSOutputCmd), (24 bytes).
    Removing stm32f10x_spi.o(i.SPI_StructInit), (24 bytes).
    Removing stm32f10x_spi.o(i.SPI_TransmitCRC), (10 bytes).
    Removing stm32f10x_tim.o(i.TI1_Config), (128 bytes).
    Removing stm32f10x_tim.o(i.TI2_Config), (152 bytes).
    Removing stm32f10x_tim.o(i.TI3_Config), (144 bytes).
    Removing stm32f10x_tim.o(i.TI4_Config), (152 bytes).
    Removing stm32f10x_tim.o(i.TIM_ARRPreloadConfig), (24 bytes).
    Removing stm32f10x_tim.o(i.TIM_BDTRConfig), (32 bytes).
    Removing stm32f10x_tim.o(i.TIM_BDTRStructInit), (18 bytes).
    Removing stm32f10x_tim.o(i.TIM_CCPreloadControl), (24 bytes).
    Removing stm32f10x_tim.o(i.TIM_CCxCmd), (30 bytes).
    Removing stm32f10x_tim.o(i.TIM_CCxNCmd), (30 bytes).
    Removing stm32f10x_tim.o(i.TIM_ClearFlag), (6 bytes).
    Removing stm32f10x_tim.o(i.TIM_ClearITPendingBit), (6 bytes).
    Removing stm32f10x_tim.o(i.TIM_ClearOC1Ref), (18 bytes).
    Removing stm32f10x_tim.o(i.TIM_ClearOC2Ref), (24 bytes).
    Removing stm32f10x_tim.o(i.TIM_ClearOC3Ref), (18 bytes).
    Removing stm32f10x_tim.o(i.TIM_ClearOC4Ref), (24 bytes).
    Removing stm32f10x_tim.o(i.TIM_CounterModeConfig), (18 bytes).
    Removing stm32f10x_tim.o(i.TIM_CtrlPWMOutputs), (30 bytes).
    Removing stm32f10x_tim.o(i.TIM_DMACmd), (18 bytes).
    Removing stm32f10x_tim.o(i.TIM_DMAConfig), (10 bytes).
    Removing stm32f10x_tim.o(i.TIM_DeInit), (488 bytes).
    Removing stm32f10x_tim.o(i.TIM_ETRClockMode1Config), (54 bytes).
    Removing stm32f10x_tim.o(i.TIM_ETRClockMode2Config), (32 bytes).
    Removing stm32f10x_tim.o(i.TIM_ETRConfig), (28 bytes).
    Removing stm32f10x_tim.o(i.TIM_EncoderInterfaceConfig), (66 bytes).
    Removing stm32f10x_tim.o(i.TIM_ForcedOC1Config), (18 bytes).
    Removing stm32f10x_tim.o(i.TIM_ForcedOC2Config), (26 bytes).
    Removing stm32f10x_tim.o(i.TIM_ForcedOC3Config), (18 bytes).
    Removing stm32f10x_tim.o(i.TIM_ForcedOC4Config), (26 bytes).
    Removing stm32f10x_tim.o(i.TIM_GenerateEvent), (4 bytes).
    Removing stm32f10x_tim.o(i.TIM_GetCapture1), (6 bytes).
    Removing stm32f10x_tim.o(i.TIM_GetCapture2), (6 bytes).
    Removing stm32f10x_tim.o(i.TIM_GetCapture3), (6 bytes).
    Removing stm32f10x_tim.o(i.TIM_GetCapture4), (8 bytes).
    Removing stm32f10x_tim.o(i.TIM_GetCounter), (6 bytes).
    Removing stm32f10x_tim.o(i.TIM_GetFlagStatus), (18 bytes).
    Removing stm32f10x_tim.o(i.TIM_GetITStatus), (34 bytes).
    Removing stm32f10x_tim.o(i.TIM_GetPrescaler), (6 bytes).
    Removing stm32f10x_tim.o(i.TIM_ICInit), (172 bytes).
    Removing stm32f10x_tim.o(i.TIM_ICStructInit), (18 bytes).
    Removing stm32f10x_tim.o(i.TIM_ITConfig), (18 bytes).
    Removing stm32f10x_tim.o(i.TIM_ITRxExternalClockConfig), (24 bytes).
    Removing stm32f10x_tim.o(i.TIM_InternalClockConfig), (12 bytes).
    Removing stm32f10x_tim.o(i.TIM_OC1FastConfig), (18 bytes).
    Removing stm32f10x_tim.o(i.TIM_OC1NPolarityConfig), (18 bytes).
    Removing stm32f10x_tim.o(i.TIM_OC1PolarityConfig), (18 bytes).
    Removing stm32f10x_tim.o(i.TIM_OC2FastConfig), (26 bytes).
    Removing stm32f10x_tim.o(i.TIM_OC2Init), (164 bytes).
    Removing stm32f10x_tim.o(i.TIM_OC2NPolarityConfig), (26 bytes).
    Removing stm32f10x_tim.o(i.TIM_OC2PolarityConfig), (26 bytes).
    Removing stm32f10x_tim.o(i.TIM_OC2PreloadConfig), (26 bytes).
    Removing stm32f10x_tim.o(i.TIM_OC3FastConfig), (18 bytes).
    Removing stm32f10x_tim.o(i.TIM_OC3Init), (160 bytes).
    Removing stm32f10x_tim.o(i.TIM_OC3NPolarityConfig), (26 bytes).
    Removing stm32f10x_tim.o(i.TIM_OC3PolarityConfig), (26 bytes).
    Removing stm32f10x_tim.o(i.TIM_OC3PreloadConfig), (18 bytes).
    Removing stm32f10x_tim.o(i.TIM_OC4FastConfig), (26 bytes).
    Removing stm32f10x_tim.o(i.TIM_OC4Init), (124 bytes).
    Removing stm32f10x_tim.o(i.TIM_OC4PolarityConfig), (26 bytes).
    Removing stm32f10x_tim.o(i.TIM_OC4PreloadConfig), (26 bytes).
    Removing stm32f10x_tim.o(i.TIM_OCStructInit), (20 bytes).
    Removing stm32f10x_tim.o(i.TIM_PWMIConfig), (124 bytes).
    Removing stm32f10x_tim.o(i.TIM_PrescalerConfig), (6 bytes).
    Removing stm32f10x_tim.o(i.TIM_SelectCCDMA), (24 bytes).
    Removing stm32f10x_tim.o(i.TIM_SelectCOM), (24 bytes).
    Removing stm32f10x_tim.o(i.TIM_SelectHallSensor), (24 bytes).
    Removing stm32f10x_tim.o(i.TIM_SelectInputTrigger), (18 bytes).
    Removing stm32f10x_tim.o(i.TIM_SelectMasterSlaveMode), (18 bytes).
    Removing stm32f10x_tim.o(i.TIM_SelectOCxM), (82 bytes).
    Removing stm32f10x_tim.o(i.TIM_SelectOnePulseMode), (18 bytes).
    Removing stm32f10x_tim.o(i.TIM_SelectOutputTrigger), (18 bytes).
    Removing stm32f10x_tim.o(i.TIM_SelectSlaveMode), (18 bytes).
    Removing stm32f10x_tim.o(i.TIM_SetAutoreload), (4 bytes).
    Removing stm32f10x_tim.o(i.TIM_SetClockDivision), (18 bytes).
    Removing stm32f10x_tim.o(i.TIM_SetCompare2), (4 bytes).
    Removing stm32f10x_tim.o(i.TIM_SetCompare3), (4 bytes).
    Removing stm32f10x_tim.o(i.TIM_SetCompare4), (6 bytes).
    Removing stm32f10x_tim.o(i.TIM_SetCounter), (4 bytes).
    Removing stm32f10x_tim.o(i.TIM_SetIC1Prescaler), (18 bytes).
    Removing stm32f10x_tim.o(i.TIM_SetIC2Prescaler), (26 bytes).
    Removing stm32f10x_tim.o(i.TIM_SetIC3Prescaler), (18 bytes).
    Removing stm32f10x_tim.o(i.TIM_SetIC4Prescaler), (26 bytes).
    Removing stm32f10x_tim.o(i.TIM_TIxExternalClockConfig), (62 bytes).
    Removing stm32f10x_tim.o(i.TIM_TimeBaseStructInit), (18 bytes).
    Removing stm32f10x_tim.o(i.TIM_UpdateDisableConfig), (24 bytes).
    Removing stm32f10x_tim.o(i.TIM_UpdateRequestConfig), (24 bytes).
    Removing stm32f10x_usart.o(i.USART_ClearFlag), (18 bytes).
    Removing stm32f10x_usart.o(i.USART_ClearITPendingBit), (30 bytes).
    Removing stm32f10x_usart.o(i.USART_ClockInit), (34 bytes).
    Removing stm32f10x_usart.o(i.USART_ClockStructInit), (12 bytes).
    Removing stm32f10x_usart.o(i.USART_DMACmd), (18 bytes).
    Removing stm32f10x_usart.o(i.USART_DeInit), (156 bytes).
    Removing stm32f10x_usart.o(i.USART_GetFlagStatus), (26 bytes).
    Removing stm32f10x_usart.o(i.USART_HalfDuplexCmd), (24 bytes).
    Removing stm32f10x_usart.o(i.USART_IrDACmd), (24 bytes).
    Removing stm32f10x_usart.o(i.USART_IrDAConfig), (18 bytes).
    Removing stm32f10x_usart.o(i.USART_LINBreakDetectLengthConfig), (18 bytes).
    Removing stm32f10x_usart.o(i.USART_LINCmd), (24 bytes).
    Removing stm32f10x_usart.o(i.USART_OneBitMethodCmd), (24 bytes).
    Removing stm32f10x_usart.o(i.USART_OverSampling8Cmd), (22 bytes).
    Removing stm32f10x_usart.o(i.USART_ReceiverWakeUpCmd), (24 bytes).
    Removing stm32f10x_usart.o(i.USART_SendBreak), (10 bytes).
    Removing stm32f10x_usart.o(i.USART_SetAddress), (18 bytes).
    Removing stm32f10x_usart.o(i.USART_SetGuardTime), (16 bytes).
    Removing stm32f10x_usart.o(i.USART_SetPrescaler), (16 bytes).
    Removing stm32f10x_usart.o(i.USART_SmartCardCmd), (24 bytes).
    Removing stm32f10x_usart.o(i.USART_SmartCardNACKCmd), (24 bytes).
    Removing stm32f10x_usart.o(i.USART_StructInit), (24 bytes).
    Removing stm32f10x_usart.o(i.USART_WakeUpConfig), (18 bytes).
    Removing stm32f10x_wwdg.o(i.WWDG_ClearFlag), (12 bytes).
    Removing stm32f10x_wwdg.o(i.WWDG_DeInit), (22 bytes).
    Removing stm32f10x_wwdg.o(i.WWDG_Enable), (16 bytes).
    Removing stm32f10x_wwdg.o(i.WWDG_EnableIT), (12 bytes).
    Removing stm32f10x_wwdg.o(i.WWDG_GetFlagStatus), (12 bytes).
    Removing stm32f10x_wwdg.o(i.WWDG_SetCounter), (16 bytes).
    Removing stm32f10x_wwdg.o(i.WWDG_SetPrescaler), (24 bytes).
    Removing stm32f10x_wwdg.o(i.WWDG_SetWindowValue), (40 bytes).
    Removing delay.o(i.delay_us), (76 bytes).
    Removing bsp_systick.o(i.Delay_us), (40 bytes).
    Removing bsp_systick.o(i.NVIC_Configuration), (12 bytes).
    Removing bsp_systick.o(i.TimingDelay_Decrement), (24 bytes).
    Removing bsp_systick.o(.data), (4 bytes).
    Removing bsp_oled.o(i.OLED_DisPlay_Off), (28 bytes).
    Removing bsp_oled.o(i.OLED_DisPlay_On), (28 bytes).
    Removing bsp_oled.o(i.OLED_DrawLine), (176 bytes).
    Removing bsp_oled.o(i.OLED_ScrollDisplay), (164 bytes).
    Removing bsp_oled.o(i.OLED_ShowPicture), (98 bytes).
    Removing bsp_oled.o(i.OLED_WR_BP), (42 bytes).
    Removing bsp_ds18b20.o(i.DS18B20_GetTemp_SkipRom), (112 bytes).
    Removing bsp_ds18b20.o(i.DS18B20_SkipRom), (18 bytes).
    Removing bsp_usart.o(i.Usart_SendByte), (30 bytes).
    Removing bsp_usart.o(i.Usart_SendHalfWord), (60 bytes).
    Removing bsp_usart.o(i.Usart_SendString), (42 bytes).
    Removing bsp_usart.o(i.fgetc), (32 bytes).
    Removing bsp_usart.o(i.fputc), (36 bytes).

471 unused section(s) (total 19232 bytes) removed from the image.

==============================================================================

Image Symbol Table

    Local Symbols

    Symbol Name                              Value     Ov Type        Size  Object(Section)

    ../clib/../cmprslib/zerorunl2.c          0x00000000   Number         0  __dczerorl2.o ABSOLUTE
    ../clib/microlib/init/entry.s            0x00000000   Number         0  entry11b.o ABSOLUTE
    ../clib/microlib/init/entry.s            0x00000000   Number         0  entry11a.o ABSOLUTE
    ../clib/microlib/init/entry.s            0x00000000   Number         0  entry10b.o ABSOLUTE
    ../clib/microlib/init/entry.s            0x00000000   Number         0  entry10a.o ABSOLUTE
    ../clib/microlib/init/entry.s            0x00000000   Number         0  entry9a.o ABSOLUTE
    ../clib/microlib/init/entry.s            0x00000000   Number         0  entry8b.o ABSOLUTE
    ../clib/microlib/init/entry.s            0x00000000   Number         0  entry8a.o ABSOLUTE
    ../clib/microlib/init/entry.s            0x00000000   Number         0  entry7b.o ABSOLUTE
    ../clib/microlib/init/entry.s            0x00000000   Number         0  entry7a.o ABSOLUTE
    ../clib/microlib/init/entry.s            0x00000000   Number         0  entry5.o ABSOLUTE
    ../clib/microlib/init/entry.s            0x00000000   Number         0  entry2.o ABSOLUTE
    ../clib/microlib/init/entry.s            0x00000000   Number         0  entry9b.o ABSOLUTE
    ../clib/microlib/init/entry.s            0x00000000   Number         0  entry.o ABSOLUTE
    ../clib/microlib/longlong.c              0x00000000   Number         0  llushr.o ABSOLUTE
    ../clib/microlib/longlong.c              0x00000000   Number         0  llshl.o ABSOLUTE
    ../clib/microlib/stubs.s                 0x00000000   Number         0  iusefp.o ABSOLUTE
    ../fplib/microlib/d2f.c                  0x00000000   Number         0  d2f.o ABSOLUTE
    ../fplib/microlib/fpepilogue.c           0x00000000   Number         0  depilogue.o ABSOLUTE
    ../fplib/microlib/fpepilogue.c           0x00000000   Number         0  fepilogue.o ABSOLUTE
    ../fplib/microlib/fpfix.c                0x00000000   Number         0  ffixi.o ABSOLUTE
    ../fplib/microlib/fpfix.c                0x00000000   Number         0  ffixui.o ABSOLUTE
    ../fplib/microlib/fpflt.c                0x00000000   Number         0  dflti.o ABSOLUTE
    ../fplib/microlib/fpmul.c                0x00000000   Number         0  dmul.o ABSOLUTE
    ..\Libraries\CMSIS\core_cm3.c            0x00000000   Number         0  core_cm3.o ABSOLUTE
    ..\Libraries\CMSIS\startup\startup_stm32f10x_md.s 0x00000000   Number         0  startup_stm32f10x_md.o ABSOLUTE
    ..\Libraries\CMSIS\system_stm32f10x.c    0x00000000   Number         0  system_stm32f10x.o ABSOLUTE
    ..\Libraries\STM32F10x_StdPeriph_Driver\src\misc.c 0x00000000   Number         0  misc.o ABSOLUTE
    ..\Libraries\STM32F10x_StdPeriph_Driver\src\stm32f10x_adc.c 0x00000000   Number         0  stm32f10x_adc.o ABSOLUTE
    ..\Libraries\STM32F10x_StdPeriph_Driver\src\stm32f10x_bkp.c 0x00000000   Number         0  stm32f10x_bkp.o ABSOLUTE
    ..\Libraries\STM32F10x_StdPeriph_Driver\src\stm32f10x_can.c 0x00000000   Number         0  stm32f10x_can.o ABSOLUTE
    ..\Libraries\STM32F10x_StdPeriph_Driver\src\stm32f10x_cec.c 0x00000000   Number         0  stm32f10x_cec.o ABSOLUTE
    ..\Libraries\STM32F10x_StdPeriph_Driver\src\stm32f10x_crc.c 0x00000000   Number         0  stm32f10x_crc.o ABSOLUTE
    ..\Libraries\STM32F10x_StdPeriph_Driver\src\stm32f10x_dac.c 0x00000000   Number         0  stm32f10x_dac.o ABSOLUTE
    ..\Libraries\STM32F10x_StdPeriph_Driver\src\stm32f10x_dbgmcu.c 0x00000000   Number         0  stm32f10x_dbgmcu.o ABSOLUTE
    ..\Libraries\STM32F10x_StdPeriph_Driver\src\stm32f10x_dma.c 0x00000000   Number         0  stm32f10x_dma.o ABSOLUTE
    ..\Libraries\STM32F10x_StdPeriph_Driver\src\stm32f10x_exti.c 0x00000000   Number         0  stm32f10x_exti.o ABSOLUTE
    ..\Libraries\STM32F10x_StdPeriph_Driver\src\stm32f10x_flash.c 0x00000000   Number         0  stm32f10x_flash.o ABSOLUTE
    ..\Libraries\STM32F10x_StdPeriph_Driver\src\stm32f10x_fsmc.c 0x00000000   Number         0  stm32f10x_fsmc.o ABSOLUTE
    ..\Libraries\STM32F10x_StdPeriph_Driver\src\stm32f10x_gpio.c 0x00000000   Number         0  stm32f10x_gpio.o ABSOLUTE
    ..\Libraries\STM32F10x_StdPeriph_Driver\src\stm32f10x_i2c.c 0x00000000   Number         0  stm32f10x_i2c.o ABSOLUTE
    ..\Libraries\STM32F10x_StdPeriph_Driver\src\stm32f10x_iwdg.c 0x00000000   Number         0  stm32f10x_iwdg.o ABSOLUTE
    ..\Libraries\STM32F10x_StdPeriph_Driver\src\stm32f10x_pwr.c 0x00000000   Number         0  stm32f10x_pwr.o ABSOLUTE
    ..\Libraries\STM32F10x_StdPeriph_Driver\src\stm32f10x_rcc.c 0x00000000   Number         0  stm32f10x_rcc.o ABSOLUTE
    ..\Libraries\STM32F10x_StdPeriph_Driver\src\stm32f10x_rtc.c 0x00000000   Number         0  stm32f10x_rtc.o ABSOLUTE
    ..\Libraries\STM32F10x_StdPeriph_Driver\src\stm32f10x_sdio.c 0x00000000   Number         0  stm32f10x_sdio.o ABSOLUTE
    ..\Libraries\STM32F10x_StdPeriph_Driver\src\stm32f10x_spi.c 0x00000000   Number         0  stm32f10x_spi.o ABSOLUTE
    ..\Libraries\STM32F10x_StdPeriph_Driver\src\stm32f10x_tim.c 0x00000000   Number         0  stm32f10x_tim.o ABSOLUTE
    ..\Libraries\STM32F10x_StdPeriph_Driver\src\stm32f10x_usart.c 0x00000000   Number         0  stm32f10x_usart.o ABSOLUTE
    ..\Libraries\STM32F10x_StdPeriph_Driver\src\stm32f10x_wwdg.c 0x00000000   Number         0  stm32f10x_wwdg.o ABSOLUTE
    ..\User\DS18B20\bsp_ds18b20.c            0x00000000   Number         0  bsp_ds18b20.o ABSOLUTE
    ..\User\OLED\bsp_oled.c                  0x00000000   Number         0  bsp_oled.o ABSOLUTE
    ..\User\SysTick\bsp_systick.c            0x00000000   Number         0  bsp_systick.o ABSOLUTE
    ..\User\delay\delay.c                    0x00000000   Number         0  delay.o ABSOLUTE
    ..\User\fan\bsp_fan.c                    0x00000000   Number         0  bsp_fan.o ABSOLUTE
    ..\User\key\bsp_key.c                    0x00000000   Number         0  bsp_key.o ABSOLUTE
    ..\User\main.c                           0x00000000   Number         0  main.o ABSOLUTE
    ..\User\stm32f10x_it.c                   0x00000000   Number         0  stm32f10x_it.o ABSOLUTE
    ..\User\usart\bsp_usart.c                0x00000000   Number         0  bsp_usart.o ABSOLUTE
    ..\\Libraries\\CMSIS\\core_cm3.c         0x00000000   Number         0  core_cm3.o ABSOLUTE
    dc.s                                     0x00000000   Number         0  dc.o ABSOLUTE
    handlers.s                               0x00000000   Number         0  handlers.o ABSOLUTE
    init.s                                   0x00000000   Number         0  init.o ABSOLUTE
    RESET                                    0x08000000   Section      236  startup_stm32f10x_md.o(RESET)
    .ARM.Collect$$$$00000000                 0x080000ec   Section        0  entry.o(.ARM.Collect$$$$00000000)
    .ARM.Collect$$$$00000001                 0x080000ec   Section        4  entry2.o(.ARM.Collect$$$$00000001)
    .ARM.Collect$$$$00000004                 0x080000f0   Section        4  entry5.o(.ARM.Collect$$$$00000004)
    .ARM.Collect$$$$00000008                 0x080000f4   Section        0  entry7b.o(.ARM.Collect$$$$00000008)
    .ARM.Collect$$$$0000000A                 0x080000f4   Section        0  entry8b.o(.ARM.Collect$$$$0000000A)
    .ARM.Collect$$$$0000000B                 0x080000f4   Section        8  entry9a.o(.ARM.Collect$$$$0000000B)
    .ARM.Collect$$$$0000000D                 0x080000fc   Section        0  entry10a.o(.ARM.Collect$$$$0000000D)
    .ARM.Collect$$$$0000000F                 0x080000fc   Section        0  entry11a.o(.ARM.Collect$$$$0000000F)
    .ARM.Collect$$$$00002712                 0x080000fc   Section        4  entry2.o(.ARM.Collect$$$$00002712)
    __lit__00000000                          0x080000fc   Data           4  entry2.o(.ARM.Collect$$$$00002712)
    .text                                    0x08000100   Section       36  startup_stm32f10x_md.o(.text)
    .text                                    0x08000124   Section        0  dmul.o(.text)
    .text                                    0x08000208   Section        0  dflti.o(.text)
    .text                                    0x0800022a   Section        0  ffixi.o(.text)
    .text                                    0x0800025c   Section        0  ffixui.o(.text)
    .text                                    0x08000284   Section        0  d2f.o(.text)
    .text                                    0x080002bc   Section        0  fepilogue.o(.text)
    .text                                    0x080002bc   Section        0  iusefp.o(.text)
    .text                                    0x0800032a   Section        0  depilogue.o(.text)
    .text                                    0x080003e4   Section       36  init.o(.text)
    .text                                    0x08000408   Section        0  llshl.o(.text)
    .text                                    0x08000426   Section        0  llushr.o(.text)
    .text                                    0x08000446   Section        0  __dczerorl2.o(.text)
    i.BusFault_Handler                       0x0800049c   Section        0  stm32f10x_it.o(i.BusFault_Handler)
    i.CPU_TS_TmrInit                         0x080004a0   Section        0  delay.o(i.CPU_TS_TmrInit)
    i.CPU_TS_TmrRd                           0x080004c8   Section        0  delay.o(i.CPU_TS_TmrRd)
    i.CPU_TS_Tmr_Delay_US                    0x080004d4   Section        0  delay.o(i.CPU_TS_Tmr_Delay_US)
    i.DS18B20_GPIO_Config                    0x08000528   Section        0  bsp_ds18b20.o(i.DS18B20_GPIO_Config)
    DS18B20_GPIO_Config                      0x08000529   Thumb Code    38  bsp_ds18b20.o(i.DS18B20_GPIO_Config)
    i.DS18B20_GetTemp_MatchRom               0x08000554   Section        0  bsp_ds18b20.o(i.DS18B20_GetTemp_MatchRom)
    i.DS18B20_Init                           0x080005f0   Section        0  bsp_ds18b20.o(i.DS18B20_Init)
    i.DS18B20_MatchRom                       0x0800060c   Section        0  bsp_ds18b20.o(i.DS18B20_MatchRom)
    DS18B20_MatchRom                         0x0800060d   Thumb Code    18  bsp_ds18b20.o(i.DS18B20_MatchRom)
    i.DS18B20_Mode_IPU                       0x08000620   Section        0  bsp_ds18b20.o(i.DS18B20_Mode_IPU)
    DS18B20_Mode_IPU                         0x08000621   Thumb Code    24  bsp_ds18b20.o(i.DS18B20_Mode_IPU)
    i.DS18B20_Mode_Out_PP                    0x0800063c   Section        0  bsp_ds18b20.o(i.DS18B20_Mode_Out_PP)
    DS18B20_Mode_Out_PP                      0x0800063d   Thumb Code    30  bsp_ds18b20.o(i.DS18B20_Mode_Out_PP)
    i.DS18B20_Presence                       0x08000660   Section        0  bsp_ds18b20.o(i.DS18B20_Presence)
    DS18B20_Presence                         0x08000661   Thumb Code    82  bsp_ds18b20.o(i.DS18B20_Presence)
    i.DS18B20_ReadBit                        0x080006b8   Section        0  bsp_ds18b20.o(i.DS18B20_ReadBit)
    DS18B20_ReadBit                          0x080006b9   Thumb Code    52  bsp_ds18b20.o(i.DS18B20_ReadBit)
    i.DS18B20_ReadByte                       0x080006f0   Section        0  bsp_ds18b20.o(i.DS18B20_ReadByte)
    DS18B20_ReadByte                         0x080006f1   Thumb Code    34  bsp_ds18b20.o(i.DS18B20_ReadByte)
    i.DS18B20_ReadId                         0x08000712   Section        0  bsp_ds18b20.o(i.DS18B20_ReadId)
    i.DS18B20_Rst                            0x08000730   Section        0  bsp_ds18b20.o(i.DS18B20_Rst)
    DS18B20_Rst                              0x08000731   Thumb Code    38  bsp_ds18b20.o(i.DS18B20_Rst)
    i.DS18B20_WriteByte                      0x0800075c   Section        0  bsp_ds18b20.o(i.DS18B20_WriteByte)
    DS18B20_WriteByte                        0x0800075d   Thumb Code    88  bsp_ds18b20.o(i.DS18B20_WriteByte)
    i.DebugMon_Handler                       0x080007b8   Section        0  stm32f10x_it.o(i.DebugMon_Handler)
    i.FAN_GPIO_Config                        0x080007bc   Section        0  bsp_fan.o(i.FAN_GPIO_Config)
    FAN_GPIO_Config                          0x080007bd   Thumb Code    74  bsp_fan.o(i.FAN_GPIO_Config)
    i.FAN_Init                               0x08000810   Section        0  bsp_fan.o(i.FAN_Init)
    i.FAN_Run                                0x0800081c   Section        0  bsp_fan.o(i.FAN_Run)
    i.FAN_Stop                               0x08000838   Section        0  bsp_fan.o(i.FAN_Stop)
    i.Fan_con                                0x08000854   Section        0  main.o(i.Fan_con)
    i.Fan_con_Auto                           0x08000d74   Section        0  main.o(i.Fan_con_Auto)
    i.GPIO_Init                              0x08000e5c   Section        0  stm32f10x_gpio.o(i.GPIO_Init)
    i.GPIO_PinRemapConfig                    0x08000f74   Section        0  stm32f10x_gpio.o(i.GPIO_PinRemapConfig)
    i.GPIO_ReadInputDataBit                  0x08001004   Section        0  stm32f10x_gpio.o(i.GPIO_ReadInputDataBit)
    i.GPIO_ResetBits                         0x08001016   Section        0  stm32f10x_gpio.o(i.GPIO_ResetBits)
    i.GPIO_SetBits                           0x0800101a   Section        0  stm32f10x_gpio.o(i.GPIO_SetBits)
    i.HardFault_Handler                      0x0800101e   Section        0  stm32f10x_it.o(i.HardFault_Handler)
    i.KEY_GPIO_Config                        0x08001024   Section        0  bsp_key.o(i.KEY_GPIO_Config)
    i.Key_Scan                               0x08001064   Section        0  bsp_key.o(i.Key_Scan)
    i.MemManage_Handler                      0x08001090   Section        0  stm32f10x_it.o(i.MemManage_Handler)
    i.NMI_Handler                            0x08001094   Section        0  stm32f10x_it.o(i.NMI_Handler)
    i.NVIC_Configuration                     0x08001096   Section        0  bsp_usart.o(i.NVIC_Configuration)
    NVIC_Configuration                       0x08001097   Thumb Code    38  bsp_usart.o(i.NVIC_Configuration)
    i.NVIC_Init                              0x080010bc   Section        0  misc.o(i.NVIC_Init)
    i.NVIC_PriorityGroupConfig               0x0800112c   Section        0  misc.o(i.NVIC_PriorityGroupConfig)
    i.OLED_Clear                             0x08001140   Section        0  bsp_oled.o(i.OLED_Clear)
    i.OLED_ClearPoint                        0x08001170   Section        0  bsp_oled.o(i.OLED_ClearPoint)
    i.OLED_ColorTurn                         0x080011d0   Section        0  bsp_oled.o(i.OLED_ColorTurn)
    i.OLED_DisplayTurn                       0x080011ec   Section        0  bsp_oled.o(i.OLED_DisplayTurn)
    i.OLED_DrawCircle                        0x08001218   Section        0  bsp_oled.o(i.OLED_DrawCircle)
    i.OLED_DrawPoint                         0x080012b0   Section        0  bsp_oled.o(i.OLED_DrawPoint)
    i.OLED_Init                              0x080012ec   Section        0  bsp_oled.o(i.OLED_Init)
    i.OLED_Pow                               0x08001458   Section        0  bsp_oled.o(i.OLED_Pow)
    i.OLED_Refresh                           0x08001470   Section        0  bsp_oled.o(i.OLED_Refresh)
    i.OLED_ShowChar                          0x080014bc   Section        0  bsp_oled.o(i.OLED_ShowChar)
    i.OLED_ShowChinese                       0x080015b8   Section        0  bsp_oled.o(i.OLED_ShowChinese)
    i.OLED_ShowNum                           0x080016c0   Section        0  bsp_oled.o(i.OLED_ShowNum)
    i.OLED_ShowString                        0x08001734   Section        0  bsp_oled.o(i.OLED_ShowString)
    i.OLED_Showtemp                          0x08001778   Section        0  main.o(i.OLED_Showtemp)
    i.OLED_WR_Byte                           0x080017b4   Section        0  bsp_oled.o(i.OLED_WR_Byte)
    i.PendSV_Handler                         0x08001828   Section        0  stm32f10x_it.o(i.PendSV_Handler)
    i.RCC_APB1PeriphClockCmd                 0x0800182c   Section        0  stm32f10x_rcc.o(i.RCC_APB1PeriphClockCmd)
    i.RCC_APB2PeriphClockCmd                 0x0800184c   Section        0  stm32f10x_rcc.o(i.RCC_APB2PeriphClockCmd)
    i.RCC_GetClocksFreq                      0x0800186c   Section        0  stm32f10x_rcc.o(i.RCC_GetClocksFreq)
    i.SVC_Handler                            0x08001940   Section        0  stm32f10x_it.o(i.SVC_Handler)
    i.SetSysClock                            0x08001942   Section        0  system_stm32f10x.o(i.SetSysClock)
    SetSysClock                              0x08001943   Thumb Code     8  system_stm32f10x.o(i.SetSysClock)
    i.SetSysClockTo72                        0x0800194c   Section        0  system_stm32f10x.o(i.SetSysClockTo72)
    SetSysClockTo72                          0x0800194d   Thumb Code   214  system_stm32f10x.o(i.SetSysClockTo72)
    i.SysTick_CLKSourceConfig                0x08001a2c   Section        0  misc.o(i.SysTick_CLKSourceConfig)
    i.SysTick_Handler                        0x08001a54   Section        0  stm32f10x_it.o(i.SysTick_Handler)
    i.SysTick_Init                           0x08001a58   Section        0  bsp_systick.o(i.SysTick_Init)
    i.SystemInit                             0x08001ad4   Section        0  system_stm32f10x.o(i.SystemInit)
    i.TIM_Cmd                                0x08001b34   Section        0  stm32f10x_tim.o(i.TIM_Cmd)
    i.TIM_Mode_Config                        0x08001b4c   Section        0  bsp_fan.o(i.TIM_Mode_Config)
    TIM_Mode_Config                          0x08001b4d   Thumb Code    90  bsp_fan.o(i.TIM_Mode_Config)
    i.TIM_OC1Init                            0x08001bac   Section        0  stm32f10x_tim.o(i.TIM_OC1Init)
    i.TIM_OC1PreloadConfig                   0x08001c44   Section        0  stm32f10x_tim.o(i.TIM_OC1PreloadConfig)
    i.TIM_SetCompare1                        0x08001c56   Section        0  stm32f10x_tim.o(i.TIM_SetCompare1)
    i.TIM_TimeBaseInit                       0x08001c5c   Section        0  stm32f10x_tim.o(i.TIM_TimeBaseInit)
    i.USART2_IRQHandler                      0x08001d00   Section        0  stm32f10x_it.o(i.USART2_IRQHandler)
    i.USART_Cmd                              0x080020b0   Section        0  stm32f10x_usart.o(i.USART_Cmd)
    i.USART_Config                           0x080020c8   Section        0  bsp_usart.o(i.USART_Config)
    i.USART_GetITStatus                      0x08002154   Section        0  stm32f10x_usart.o(i.USART_GetITStatus)
    i.USART_ITConfig                         0x080021a8   Section        0  stm32f10x_usart.o(i.USART_ITConfig)
    i.USART_Init                             0x080021f4   Section        0  stm32f10x_usart.o(i.USART_Init)
    i.USART_ReceiveData                      0x080022cc   Section        0  stm32f10x_usart.o(i.USART_ReceiveData)
    i.USART_SendData                         0x080022d6   Section        0  stm32f10x_usart.o(i.USART_SendData)
    i.UsageFault_Handler                     0x080022de   Section        0  stm32f10x_it.o(i.UsageFault_Handler)
    i.__scatterload_copy                     0x080022e2   Section       14  handlers.o(i.__scatterload_copy)
    i.__scatterload_null                     0x080022f0   Section        2  handlers.o(i.__scatterload_null)
    i.__scatterload_zeroinit                 0x080022f2   Section       14  handlers.o(i.__scatterload_zeroinit)
    i.delay_init                             0x08002300   Section        0  delay.o(i.delay_init)
    i.delay_ms                               0x08002344   Section        0  delay.o(i.delay_ms)
    i.init                                   0x08002390   Section        0  main.o(i.init)
    i.main                                   0x080023c0   Section        0  main.o(i.main)
    .constdata                               0x08002478   Section     6080  bsp_oled.o(.constdata)
    .data                                    0x20000000   Section       20  system_stm32f10x.o(.data)
    .data                                    0x20000014   Section       20  stm32f10x_rcc.o(.data)
    APBAHBPrescTable                         0x20000014   Data          16  stm32f10x_rcc.o(.data)
    ADCPrescTable                            0x20000024   Data           4  stm32f10x_rcc.o(.data)
    .data                                    0x20000028   Section     2073  main.o(.data)
    .data                                    0x20000842   Section        4  delay.o(.data)
    fac_us                                   0x20000842   Data           1  delay.o(.data)
    fac_ms                                   0x20000844   Data           2  delay.o(.data)
    .data                                    0x20000846   Section     5176  bsp_oled.o(.data)
    .bss                                     0x20001c80   Section     1152  bsp_oled.o(.bss)
    STACK                                    0x20002100   Section     1024  startup_stm32f10x_md.o(STACK)

    Global Symbols

    Symbol Name                              Value     Ov Type        Size  Object(Section)

    BuildAttributes$$THM_ISAv4$P$D$K$B$S$PE$A:L22UL41UL21$X:L11$S22US41US21$IEEE1$IW$USESV6$~STKCKD$USESV7$~SHL$OTIME$ROPI$EBA8$MICROLIB$REQ8$PRES8$EABIv2 0x00000000   Number         0  anon$$obj.o ABSOLUTE
    __ARM_use_no_argv                        0x00000000   Number         0  main.o ABSOLUTE
    __cpp_initialize__aeabi_                  - Undefined Weak Reference
    __cxa_finalize                            - Undefined Weak Reference
    _clock_init                               - Undefined Weak Reference
    _microlib_exit                            - Undefined Weak Reference
    __Vectors_Size                           0x000000ec   Number         0  startup_stm32f10x_md.o ABSOLUTE
    __Vectors                                0x08000000   Data           4  startup_stm32f10x_md.o(RESET)
    __Vectors_End                            0x080000ec   Data           0  startup_stm32f10x_md.o(RESET)
    __main                                   0x080000ed   Thumb Code     0  entry.o(.ARM.Collect$$$$00000000)
    _main_stk                                0x080000ed   Thumb Code     0  entry2.o(.ARM.Collect$$$$00000001)
    _main_scatterload                        0x080000f1   Thumb Code     0  entry5.o(.ARM.Collect$$$$00000004)
    __main_after_scatterload                 0x080000f5   Thumb Code     0  entry5.o(.ARM.Collect$$$$00000004)
    _main_clock                              0x080000f5   Thumb Code     0  entry7b.o(.ARM.Collect$$$$00000008)
    _main_cpp_init                           0x080000f5   Thumb Code     0  entry8b.o(.ARM.Collect$$$$0000000A)
    _main_init                               0x080000f5   Thumb Code     0  entry9a.o(.ARM.Collect$$$$0000000B)
    __rt_final_cpp                           0x080000fd   Thumb Code     0  entry10a.o(.ARM.Collect$$$$0000000D)
    __rt_final_exit                          0x080000fd   Thumb Code     0  entry11a.o(.ARM.Collect$$$$0000000F)
    Reset_Handler                            0x08000101   Thumb Code     8  startup_stm32f10x_md.o(.text)
    ADC1_2_IRQHandler                        0x0800011b   Thumb Code     0  startup_stm32f10x_md.o(.text)
    CAN1_RX1_IRQHandler                      0x0800011b   Thumb Code     0  startup_stm32f10x_md.o(.text)
    CAN1_SCE_IRQHandler                      0x0800011b   Thumb Code     0  startup_stm32f10x_md.o(.text)
    DMA1_Channel1_IRQHandler                 0x0800011b   Thumb Code     0  startup_stm32f10x_md.o(.text)
    DMA1_Channel2_IRQHandler                 0x0800011b   Thumb Code     0  startup_stm32f10x_md.o(.text)
    DMA1_Channel3_IRQHandler                 0x0800011b   Thumb Code     0  startup_stm32f10x_md.o(.text)
    DMA1_Channel4_IRQHandler                 0x0800011b   Thumb Code     0  startup_stm32f10x_md.o(.text)
    DMA1_Channel5_IRQHandler                 0x0800011b   Thumb Code     0  startup_stm32f10x_md.o(.text)
    DMA1_Channel6_IRQHandler                 0x0800011b   Thumb Code     0  startup_stm32f10x_md.o(.text)
    DMA1_Channel7_IRQHandler                 0x0800011b   Thumb Code     0  startup_stm32f10x_md.o(.text)
    EXTI0_IRQHandler                         0x0800011b   Thumb Code     0  startup_stm32f10x_md.o(.text)
    EXTI15_10_IRQHandler                     0x0800011b   Thumb Code     0  startup_stm32f10x_md.o(.text)
    EXTI1_IRQHandler                         0x0800011b   Thumb Code     0  startup_stm32f10x_md.o(.text)
    EXTI2_IRQHandler                         0x0800011b   Thumb Code     0  startup_stm32f10x_md.o(.text)
    EXTI3_IRQHandler                         0x0800011b   Thumb Code     0  startup_stm32f10x_md.o(.text)
    EXTI4_IRQHandler                         0x0800011b   Thumb Code     0  startup_stm32f10x_md.o(.text)
    EXTI9_5_IRQHandler                       0x0800011b   Thumb Code     0  startup_stm32f10x_md.o(.text)
    FLASH_IRQHandler                         0x0800011b   Thumb Code     0  startup_stm32f10x_md.o(.text)
    I2C1_ER_IRQHandler                       0x0800011b   Thumb Code     0  startup_stm32f10x_md.o(.text)
    I2C1_EV_IRQHandler                       0x0800011b   Thumb Code     0  startup_stm32f10x_md.o(.text)
    I2C2_ER_IRQHandler                       0x0800011b   Thumb Code     0  startup_stm32f10x_md.o(.text)
    I2C2_EV_IRQHandler                       0x0800011b   Thumb Code     0  startup_stm32f10x_md.o(.text)
    PVD_IRQHandler                           0x0800011b   Thumb Code     0  startup_stm32f10x_md.o(.text)
    RCC_IRQHandler                           0x0800011b   Thumb Code     0  startup_stm32f10x_md.o(.text)
    RTCAlarm_IRQHandler                      0x0800011b   Thumb Code     0  startup_stm32f10x_md.o(.text)
    RTC_IRQHandler                           0x0800011b   Thumb Code     0  startup_stm32f10x_md.o(.text)
    SPI1_IRQHandler                          0x0800011b   Thumb Code     0  startup_stm32f10x_md.o(.text)
    SPI2_IRQHandler                          0x0800011b   Thumb Code     0  startup_stm32f10x_md.o(.text)
    TAMPER_IRQHandler                        0x0800011b   Thumb Code     0  startup_stm32f10x_md.o(.text)
    TIM1_BRK_IRQHandler                      0x0800011b   Thumb Code     0  startup_stm32f10x_md.o(.text)
    TIM1_CC_IRQHandler                       0x0800011b   Thumb Code     0  startup_stm32f10x_md.o(.text)
    TIM1_TRG_COM_IRQHandler                  0x0800011b   Thumb Code     0  startup_stm32f10x_md.o(.text)
    TIM1_UP_IRQHandler                       0x0800011b   Thumb Code     0  startup_stm32f10x_md.o(.text)
    TIM2_IRQHandler                          0x0800011b   Thumb Code     0  startup_stm32f10x_md.o(.text)
    TIM3_IRQHandler                          0x0800011b   Thumb Code     0  startup_stm32f10x_md.o(.text)
    TIM4_IRQHandler                          0x0800011b   Thumb Code     0  startup_stm32f10x_md.o(.text)
    USART1_IRQHandler                        0x0800011b   Thumb Code     0  startup_stm32f10x_md.o(.text)
    USART3_IRQHandler                        0x0800011b   Thumb Code     0  startup_stm32f10x_md.o(.text)
    USBWakeUp_IRQHandler                     0x0800011b   Thumb Code     0  startup_stm32f10x_md.o(.text)
    USB_HP_CAN1_TX_IRQHandler                0x0800011b   Thumb Code     0  startup_stm32f10x_md.o(.text)
    USB_LP_CAN1_RX0_IRQHandler               0x0800011b   Thumb Code     0  startup_stm32f10x_md.o(.text)
    WWDG_IRQHandler                          0x0800011b   Thumb Code     0  startup_stm32f10x_md.o(.text)
    __aeabi_dmul                             0x08000125   Thumb Code   228  dmul.o(.text)
    __aeabi_i2d                              0x08000209   Thumb Code    34  dflti.o(.text)
    __aeabi_f2iz                             0x0800022b   Thumb Code    50  ffixi.o(.text)
    __aeabi_f2uiz                            0x0800025d   Thumb Code    40  ffixui.o(.text)
    __aeabi_d2f                              0x08000285   Thumb Code    56  d2f.o(.text)
    __I$use$fp                               0x080002bd   Thumb Code     0  iusefp.o(.text)
    _float_round                             0x080002bd   Thumb Code    18  fepilogue.o(.text)
    _float_epilogue                          0x080002cf   Thumb Code    92  fepilogue.o(.text)
    _double_round                            0x0800032b   Thumb Code    30  depilogue.o(.text)
    _double_epilogue                         0x08000349   Thumb Code   156  depilogue.o(.text)
    __scatterload                            0x080003e5   Thumb Code    28  init.o(.text)
    __scatterload_rt2                        0x080003e5   Thumb Code     0  init.o(.text)
    __aeabi_llsl                             0x08000409   Thumb Code    30  llshl.o(.text)
    _ll_shift_l                              0x08000409   Thumb Code     0  llshl.o(.text)
    __aeabi_llsr                             0x08000427   Thumb Code    32  llushr.o(.text)
    _ll_ushift_r                             0x08000427   Thumb Code     0  llushr.o(.text)
    __decompress                             0x08000447   Thumb Code     0  __dczerorl2.o(.text)
    __decompress1                            0x08000447   Thumb Code    86  __dczerorl2.o(.text)
    BusFault_Handler                         0x0800049d   Thumb Code     4  stm32f10x_it.o(i.BusFault_Handler)
    CPU_TS_TmrInit                           0x080004a1   Thumb Code    30  delay.o(i.CPU_TS_TmrInit)
    CPU_TS_TmrRd                             0x080004c9   Thumb Code     6  delay.o(i.CPU_TS_TmrRd)
    CPU_TS_Tmr_Delay_US                      0x080004d5   Thumb Code    76  delay.o(i.CPU_TS_Tmr_Delay_US)
    DS18B20_GetTemp_MatchRom                 0x08000555   Thumb Code   150  bsp_ds18b20.o(i.DS18B20_GetTemp_MatchRom)
    DS18B20_Init                             0x080005f1   Thumb Code    24  bsp_ds18b20.o(i.DS18B20_Init)
    DS18B20_ReadId                           0x08000713   Thumb Code    30  bsp_ds18b20.o(i.DS18B20_ReadId)
    DebugMon_Handler                         0x080007b9   Thumb Code     2  stm32f10x_it.o(i.DebugMon_Handler)
    FAN_Init                                 0x08000811   Thumb Code    12  bsp_fan.o(i.FAN_Init)
    FAN_Run                                  0x0800081d   Thumb Code    22  bsp_fan.o(i.FAN_Run)
    FAN_Stop                                 0x08000839   Thumb Code    22  bsp_fan.o(i.FAN_Stop)
    Fan_con                                  0x08000855   Thumb Code  1302  main.o(i.Fan_con)
    Fan_con_Auto                             0x08000d75   Thumb Code   212  main.o(i.Fan_con_Auto)
    GPIO_Init                                0x08000e5d   Thumb Code   278  stm32f10x_gpio.o(i.GPIO_Init)
    GPIO_PinRemapConfig                      0x08000f75   Thumb Code   138  stm32f10x_gpio.o(i.GPIO_PinRemapConfig)
    GPIO_ReadInputDataBit                    0x08001005   Thumb Code    18  stm32f10x_gpio.o(i.GPIO_ReadInputDataBit)
    GPIO_ResetBits                           0x08001017   Thumb Code     4  stm32f10x_gpio.o(i.GPIO_ResetBits)
    GPIO_SetBits                             0x0800101b   Thumb Code     4  stm32f10x_gpio.o(i.GPIO_SetBits)
    HardFault_Handler                        0x0800101f   Thumb Code     4  stm32f10x_it.o(i.HardFault_Handler)
    KEY_GPIO_Config                          0x08001025   Thumb Code    56  bsp_key.o(i.KEY_GPIO_Config)
    Key_Scan                                 0x08001065   Thumb Code    44  bsp_key.o(i.Key_Scan)
    MemManage_Handler                        0x08001091   Thumb Code     4  stm32f10x_it.o(i.MemManage_Handler)
    NMI_Handler                              0x08001095   Thumb Code     2  stm32f10x_it.o(i.NMI_Handler)
    NVIC_Init                                0x080010bd   Thumb Code   100  misc.o(i.NVIC_Init)
    NVIC_PriorityGroupConfig                 0x0800112d   Thumb Code    10  misc.o(i.NVIC_PriorityGroupConfig)
    OLED_Clear                               0x08001141   Thumb Code    42  bsp_oled.o(i.OLED_Clear)
    OLED_ClearPoint                          0x08001171   Thumb Code    90  bsp_oled.o(i.OLED_ClearPoint)
    OLED_ColorTurn                           0x080011d1   Thumb Code    28  bsp_oled.o(i.OLED_ColorTurn)
    OLED_DisplayTurn                         0x080011ed   Thumb Code    44  bsp_oled.o(i.OLED_DisplayTurn)
    OLED_DrawCircle                          0x08001219   Thumb Code   152  bsp_oled.o(i.OLED_DrawCircle)
    OLED_DrawPoint                           0x080012b1   Thumb Code    54  bsp_oled.o(i.OLED_DrawPoint)
    OLED_Init                                0x080012ed   Thumb Code   356  bsp_oled.o(i.OLED_Init)
    OLED_Pow                                 0x08001459   Thumb Code    22  bsp_oled.o(i.OLED_Pow)
    OLED_Refresh                             0x08001471   Thumb Code    70  bsp_oled.o(i.OLED_Refresh)
    OLED_ShowChar                            0x080014bd   Thumb Code   240  bsp_oled.o(i.OLED_ShowChar)
    OLED_ShowChinese                         0x080015b9   Thumb Code   248  bsp_oled.o(i.OLED_ShowChinese)
    OLED_ShowNum                             0x080016c1   Thumb Code   116  bsp_oled.o(i.OLED_ShowNum)
    OLED_ShowString                          0x08001735   Thumb Code    66  bsp_oled.o(i.OLED_ShowString)
    OLED_Showtemp                            0x08001779   Thumb Code    52  main.o(i.OLED_Showtemp)
    OLED_WR_Byte                             0x080017b5   Thumb Code   108  bsp_oled.o(i.OLED_WR_Byte)
    PendSV_Handler                           0x08001829   Thumb Code     2  stm32f10x_it.o(i.PendSV_Handler)
    RCC_APB1PeriphClockCmd                   0x0800182d   Thumb Code    26  stm32f10x_rcc.o(i.RCC_APB1PeriphClockCmd)
    RCC_APB2PeriphClockCmd                   0x0800184d   Thumb Code    26  stm32f10x_rcc.o(i.RCC_APB2PeriphClockCmd)
    RCC_GetClocksFreq                        0x0800186d   Thumb Code   192  stm32f10x_rcc.o(i.RCC_GetClocksFreq)
    SVC_Handler                              0x08001941   Thumb Code     2  stm32f10x_it.o(i.SVC_Handler)
    SysTick_CLKSourceConfig                  0x08001a2d   Thumb Code    40  misc.o(i.SysTick_CLKSourceConfig)
    SysTick_Handler                          0x08001a55   Thumb Code     2  stm32f10x_it.o(i.SysTick_Handler)
    SysTick_Init                             0x08001a59   Thumb Code   106  bsp_systick.o(i.SysTick_Init)
    SystemInit                               0x08001ad5   Thumb Code    78  system_stm32f10x.o(i.SystemInit)
    TIM_Cmd                                  0x08001b35   Thumb Code    24  stm32f10x_tim.o(i.TIM_Cmd)
    TIM_OC1Init                              0x08001bad   Thumb Code   132  stm32f10x_tim.o(i.TIM_OC1Init)
    TIM_OC1PreloadConfig                     0x08001c45   Thumb Code    18  stm32f10x_tim.o(i.TIM_OC1PreloadConfig)
    TIM_SetCompare1                          0x08001c57   Thumb Code     4  stm32f10x_tim.o(i.TIM_SetCompare1)
    TIM_TimeBaseInit                         0x08001c5d   Thumb Code   122  stm32f10x_tim.o(i.TIM_TimeBaseInit)
    USART2_IRQHandler                        0x08001d01   Thumb Code   866  stm32f10x_it.o(i.USART2_IRQHandler)
    USART_Cmd                                0x080020b1   Thumb Code    24  stm32f10x_usart.o(i.USART_Cmd)
    USART_Config                             0x080020c9   Thumb Code   132  bsp_usart.o(i.USART_Config)
    USART_GetITStatus                        0x08002155   Thumb Code    84  stm32f10x_usart.o(i.USART_GetITStatus)
    USART_ITConfig                           0x080021a9   Thumb Code    74  stm32f10x_usart.o(i.USART_ITConfig)
    USART_Init                               0x080021f5   Thumb Code   210  stm32f10x_usart.o(i.USART_Init)
    USART_ReceiveData                        0x080022cd   Thumb Code    10  stm32f10x_usart.o(i.USART_ReceiveData)
    USART_SendData                           0x080022d7   Thumb Code     8  stm32f10x_usart.o(i.USART_SendData)
    UsageFault_Handler                       0x080022df   Thumb Code     4  stm32f10x_it.o(i.UsageFault_Handler)
    __scatterload_copy                       0x080022e3   Thumb Code    14  handlers.o(i.__scatterload_copy)
    __scatterload_null                       0x080022f1   Thumb Code     2  handlers.o(i.__scatterload_null)
    __scatterload_zeroinit                   0x080022f3   Thumb Code    14  handlers.o(i.__scatterload_zeroinit)
    delay_init                               0x08002301   Thumb Code    50  delay.o(i.delay_init)
    delay_ms                                 0x08002345   Thumb Code    72  delay.o(i.delay_ms)
    init                                     0x08002391   Thumb Code    48  main.o(i.init)
    main                                     0x080023c1   Thumb Code   124  main.o(i.main)
    asc2_1206                                0x08002478   Data        1140  bsp_oled.o(.constdata)
    asc2_1608                                0x080028ec   Data        1520  bsp_oled.o(.constdata)
    asc2_2412                                0x08002edc   Data        3420  bsp_oled.o(.constdata)
    Region$$Table$$Base                      0x08003c38   Number         0  anon$$obj.o(Region$$Table)
    Region$$Table$$Limit                     0x08003c58   Number         0  anon$$obj.o(Region$$Table)
    SystemCoreClock                          0x20000000   Data           4  system_stm32f10x.o(.data)
    AHBPrescTable                            0x20000004   Data          16  system_stm32f10x.o(.data)
    BMP1                                     0x20000028   Data        1024  main.o(.data)
    BMP2                                     0x20000428   Data        1024  main.o(.data)
    Flag                                     0x20000828   Data           4  main.o(.data)
    Mode                                     0x2000082c   Data           4  main.o(.data)
    Toggle                                   0x20000830   Data           4  main.o(.data)
    temperature                              0x20000834   Data           4  main.o(.data)
    uc                                       0x20000838   Data           1  main.o(.data)
    ucDs18b20Id                              0x20000839   Data           8  main.o(.data)
    Hzk1                                     0x20000846   Data         352  bsp_oled.o(.data)
    Hzk2                                     0x200009a6   Data         216  bsp_oled.o(.data)
    Hzk3                                     0x20000a7e   Data         512  bsp_oled.o(.data)
    Hzk4                                     0x20000c7e   Data        4096  bsp_oled.o(.data)
    OLED_GRAM                                0x20001c80   Data        1152  bsp_oled.o(.bss)
    __initial_sp                             0x20002500   Data           0  startup_stm32f10x_md.o(STACK)



==============================================================================

Memory Map of the image

  Image Entry point : 0x080000ed

  Load Region LR_IROM1 (Base: 0x08000000, Size: 0x000058d8, Max: 0x00010000, ABSOLUTE, COMPRESSED[0x00004030])

    Execution Region ER_IROM1 (Base: 0x08000000, Size: 0x00003c58, Max: 0x00010000, ABSOLUTE)

    Base Addr    Size         Type   Attr      Idx    E Section Name        Object

    0x08000000   0x000000ec   Data   RO            3    RESET               startup_stm32f10x_md.o
    0x080000ec   0x00000000   Code   RO         3650  * .ARM.Collect$$$$00000000  mc_w.l(entry.o)
    0x080000ec   0x00000004   Code   RO         3663    .ARM.Collect$$$$00000001  mc_w.l(entry2.o)
    0x080000f0   0x00000004   Code   RO         3666    .ARM.Collect$$$$00000004  mc_w.l(entry5.o)
    0x080000f4   0x00000000   Code   RO         3668    .ARM.Collect$$$$00000008  mc_w.l(entry7b.o)
    0x080000f4   0x00000000   Code   RO         3670    .ARM.Collect$$$$0000000A  mc_w.l(entry8b.o)
    0x080000f4   0x00000008   Code   RO         3671    .ARM.Collect$$$$0000000B  mc_w.l(entry9a.o)
    0x080000fc   0x00000000   Code   RO         3673    .ARM.Collect$$$$0000000D  mc_w.l(entry10a.o)
    0x080000fc   0x00000000   Code   RO         3675    .ARM.Collect$$$$0000000F  mc_w.l(entry11a.o)
    0x080000fc   0x00000004   Code   RO         3664    .ARM.Collect$$$$00002712  mc_w.l(entry2.o)
    0x08000100   0x00000024   Code   RO            4    .text               startup_stm32f10x_md.o
    0x08000124   0x000000e4   Code   RO         3653    .text               mf_w.l(dmul.o)
    0x08000208   0x00000022   Code   RO         3655    .text               mf_w.l(dflti.o)
    0x0800022a   0x00000032   Code   RO         3657    .text               mf_w.l(ffixi.o)
    0x0800025c   0x00000028   Code   RO         3659    .text               mf_w.l(ffixui.o)
    0x08000284   0x00000038   Code   RO         3661    .text               mf_w.l(d2f.o)
    0x080002bc   0x00000000   Code   RO         3677    .text               mc_w.l(iusefp.o)
    0x080002bc   0x0000006e   Code   RO         3678    .text               mf_w.l(fepilogue.o)
    0x0800032a   0x000000ba   Code   RO         3680    .text               mf_w.l(depilogue.o)
    0x080003e4   0x00000024   Code   RO         3682    .text               mc_w.l(init.o)
    0x08000408   0x0000001e   Code   RO         3684    .text               mc_w.l(llshl.o)
    0x08000426   0x00000020   Code   RO         3686    .text               mc_w.l(llushr.o)
    0x08000446   0x00000056   Code   RO         3696    .text               mc_w.l(__dczerorl2.o)
    0x0800049c   0x00000004   Code   RO         3178    i.BusFault_Handler  stm32f10x_it.o
    0x080004a0   0x00000028   Code   RO         3254    i.CPU_TS_TmrInit    delay.o
    0x080004c8   0x0000000c   Code   RO         3255    i.CPU_TS_TmrRd      delay.o
    0x080004d4   0x00000054   Code   RO         3256    i.CPU_TS_Tmr_Delay_US  delay.o
    0x08000528   0x0000002c   Code   RO         3520    i.DS18B20_GPIO_Config  bsp_ds18b20.o
    0x08000554   0x0000009c   Code   RO         3521    i.DS18B20_GetTemp_MatchRom  bsp_ds18b20.o
    0x080005f0   0x0000001c   Code   RO         3523    i.DS18B20_Init      bsp_ds18b20.o
    0x0800060c   0x00000012   Code   RO         3524    i.DS18B20_MatchRom  bsp_ds18b20.o
    0x0800061e   0x00000002   PAD
    0x08000620   0x0000001c   Code   RO         3525    i.DS18B20_Mode_IPU  bsp_ds18b20.o
    0x0800063c   0x00000024   Code   RO         3526    i.DS18B20_Mode_Out_PP  bsp_ds18b20.o
    0x08000660   0x00000058   Code   RO         3527    i.DS18B20_Presence  bsp_ds18b20.o
    0x080006b8   0x00000038   Code   RO         3528    i.DS18B20_ReadBit   bsp_ds18b20.o
    0x080006f0   0x00000022   Code   RO         3529    i.DS18B20_ReadByte  bsp_ds18b20.o
    0x08000712   0x0000001e   Code   RO         3530    i.DS18B20_ReadId    bsp_ds18b20.o
    0x08000730   0x0000002c   Code   RO         3531    i.DS18B20_Rst       bsp_ds18b20.o
    0x0800075c   0x0000005c   Code   RO         3533    i.DS18B20_WriteByte  bsp_ds18b20.o
    0x080007b8   0x00000002   Code   RO         3179    i.DebugMon_Handler  stm32f10x_it.o
    0x080007ba   0x00000002   PAD
    0x080007bc   0x00000054   Code   RO         3334    i.FAN_GPIO_Config   bsp_fan.o
    0x08000810   0x0000000c   Code   RO         3335    i.FAN_Init          bsp_fan.o
    0x0800081c   0x0000001c   Code   RO         3336    i.FAN_Run           bsp_fan.o
    0x08000838   0x0000001c   Code   RO         3337    i.FAN_Stop          bsp_fan.o
    0x08000854   0x00000520   Code   RO         3108    i.Fan_con           main.o
    0x08000d74   0x000000e8   Code   RO         3109    i.Fan_con_Auto      main.o
    0x08000e5c   0x00000116   Code   RO         1292    i.GPIO_Init         stm32f10x_gpio.o
    0x08000f72   0x00000002   PAD
    0x08000f74   0x00000090   Code   RO         1294    i.GPIO_PinRemapConfig  stm32f10x_gpio.o
    0x08001004   0x00000012   Code   RO         1296    i.GPIO_ReadInputDataBit  stm32f10x_gpio.o
    0x08001016   0x00000004   Code   RO         1299    i.GPIO_ResetBits    stm32f10x_gpio.o
    0x0800101a   0x00000004   Code   RO         1300    i.GPIO_SetBits      stm32f10x_gpio.o
    0x0800101e   0x00000004   Code   RO         3180    i.HardFault_Handler  stm32f10x_it.o
    0x08001022   0x00000002   PAD
    0x08001024   0x00000040   Code   RO         3368    i.KEY_GPIO_Config   bsp_key.o
    0x08001064   0x0000002c   Code   RO         3369    i.Key_Scan          bsp_key.o
    0x08001090   0x00000004   Code   RO         3181    i.MemManage_Handler  stm32f10x_it.o
    0x08001094   0x00000002   Code   RO         3182    i.NMI_Handler       stm32f10x_it.o
    0x08001096   0x00000026   Code   RO         3603    i.NVIC_Configuration  bsp_usart.o
    0x080010bc   0x00000070   Code   RO          137    i.NVIC_Init         misc.o
    0x0800112c   0x00000014   Code   RO          138    i.NVIC_PriorityGroupConfig  misc.o
    0x08001140   0x00000030   Code   RO         3386    i.OLED_Clear        bsp_oled.o
    0x08001170   0x00000060   Code   RO         3387    i.OLED_ClearPoint   bsp_oled.o
    0x080011d0   0x0000001c   Code   RO         3388    i.OLED_ColorTurn    bsp_oled.o
    0x080011ec   0x0000002c   Code   RO         3391    i.OLED_DisplayTurn  bsp_oled.o
    0x08001218   0x00000098   Code   RO         3392    i.OLED_DrawCircle   bsp_oled.o
    0x080012b0   0x0000003c   Code   RO         3394    i.OLED_DrawPoint    bsp_oled.o
    0x080012ec   0x0000016c   Code   RO         3395    i.OLED_Init         bsp_oled.o
    0x08001458   0x00000016   Code   RO         3396    i.OLED_Pow          bsp_oled.o
    0x0800146e   0x00000002   PAD
    0x08001470   0x0000004c   Code   RO         3397    i.OLED_Refresh      bsp_oled.o
    0x080014bc   0x000000fc   Code   RO         3399    i.OLED_ShowChar     bsp_oled.o
    0x080015b8   0x00000108   Code   RO         3400    i.OLED_ShowChinese  bsp_oled.o
    0x080016c0   0x00000074   Code   RO         3401    i.OLED_ShowNum      bsp_oled.o
    0x08001734   0x00000042   Code   RO         3403    i.OLED_ShowString   bsp_oled.o
    0x08001776   0x00000002   PAD
    0x08001778   0x0000003c   Code   RO         3110    i.OLED_Showtemp     main.o
    0x080017b4   0x00000074   Code   RO         3405    i.OLED_WR_Byte      bsp_oled.o
    0x08001828   0x00000002   Code   RO         3183    i.PendSV_Handler    stm32f10x_it.o
    0x0800182a   0x00000002   PAD
    0x0800182c   0x00000020   Code   RO         1708    i.RCC_APB1PeriphClockCmd  stm32f10x_rcc.o
    0x0800184c   0x00000020   Code   RO         1710    i.RCC_APB2PeriphClockCmd  stm32f10x_rcc.o
    0x0800186c   0x000000d4   Code   RO         1718    i.RCC_GetClocksFreq  stm32f10x_rcc.o
    0x08001940   0x00000002   Code   RO         3184    i.SVC_Handler       stm32f10x_it.o
    0x08001942   0x00000008   Code   RO           24    i.SetSysClock       system_stm32f10x.o
    0x0800194a   0x00000002   PAD
    0x0800194c   0x000000e0   Code   RO           25    i.SetSysClockTo72   system_stm32f10x.o
    0x08001a2c   0x00000028   Code   RO          141    i.SysTick_CLKSourceConfig  misc.o
    0x08001a54   0x00000002   Code   RO         3185    i.SysTick_Handler   stm32f10x_it.o
    0x08001a56   0x00000002   PAD
    0x08001a58   0x0000007c   Code   RO         3300    i.SysTick_Init      bsp_systick.o
    0x08001ad4   0x00000060   Code   RO           27    i.SystemInit        system_stm32f10x.o
    0x08001b34   0x00000018   Code   RO         2342    i.TIM_Cmd           stm32f10x_tim.o
    0x08001b4c   0x00000060   Code   RO         3338    i.TIM_Mode_Config   bsp_fan.o
    0x08001bac   0x00000098   Code   RO         2371    i.TIM_OC1Init       stm32f10x_tim.o
    0x08001c44   0x00000012   Code   RO         2374    i.TIM_OC1PreloadConfig  stm32f10x_tim.o
    0x08001c56   0x00000004   Code   RO         2403    i.TIM_SetCompare1   stm32f10x_tim.o
    0x08001c5a   0x00000002   PAD
    0x08001c5c   0x000000a4   Code   RO         2413    i.TIM_TimeBaseInit  stm32f10x_tim.o
    0x08001d00   0x000003b0   Code   RO         3186    i.USART2_IRQHandler  stm32f10x_it.o
    0x080020b0   0x00000018   Code   RO         2878    i.USART_Cmd         stm32f10x_usart.o
    0x080020c8   0x0000008c   Code   RO         3604    i.USART_Config      bsp_usart.o
    0x08002154   0x00000054   Code   RO         2882    i.USART_GetITStatus  stm32f10x_usart.o
    0x080021a8   0x0000004a   Code   RO         2884    i.USART_ITConfig    stm32f10x_usart.o
    0x080021f2   0x00000002   PAD
    0x080021f4   0x000000d8   Code   RO         2885    i.USART_Init        stm32f10x_usart.o
    0x080022cc   0x0000000a   Code   RO         2892    i.USART_ReceiveData  stm32f10x_usart.o
    0x080022d6   0x00000008   Code   RO         2895    i.USART_SendData    stm32f10x_usart.o
    0x080022de   0x00000004   Code   RO         3187    i.UsageFault_Handler  stm32f10x_it.o
    0x080022e2   0x0000000e   Code   RO         3690    i.__scatterload_copy  mc_w.l(handlers.o)
    0x080022f0   0x00000002   Code   RO         3691    i.__scatterload_null  mc_w.l(handlers.o)
    0x080022f2   0x0000000e   Code   RO         3692    i.__scatterload_zeroinit  mc_w.l(handlers.o)
    0x08002300   0x00000044   Code   RO         3257    i.delay_init        delay.o
    0x08002344   0x0000004c   Code   RO         3258    i.delay_ms          delay.o
    0x08002390   0x00000030   Code   RO         3111    i.init              main.o
    0x080023c0   0x000000b8   Code   RO         3112    i.main              main.o
    0x08002478   0x000017c0   Data   RO         3407    .constdata          bsp_oled.o
    0x08003c38   0x00000020   Data   RO         3688    Region$$Table       anon$$obj.o


    Execution Region RW_IRAM1 (Base: 0x20000000, Size: 0x00002500, Max: 0x00005000, ABSOLUTE, COMPRESSED[0x000003d8])

    Base Addr    Size         Type   Attr      Idx    E Section Name        Object

    0x20000000   0x00000014   Data   RW           28    .data               system_stm32f10x.o
    0x20000014   0x00000014   Data   RW         1738    .data               stm32f10x_rcc.o
    0x20000028   0x00000819   Data   RW         3113    .data               main.o
    0x20000841   0x00000001   PAD
    0x20000842   0x00000004   Data   RW         3260    .data               delay.o
    0x20000846   0x00001438   Data   RW         3408    .data               bsp_oled.o
    0x20001c7e   0x00000002   PAD
    0x20001c80   0x00000480   Zero   RW         3406    .bss                bsp_oled.o
    0x20002100   0x00000400   Zero   RW            1    STACK               startup_stm32f10x_md.o


==============================================================================

Image component sizes


      Code (inc. data)   RO Data    RW Data    ZI Data      Debug   Object Name

       654         46          0          0          0       6803   bsp_ds18b20.o
       248         28          0          0          0       2360   bsp_fan.o
       108          8          0          0          0       1437   bsp_key.o
      1704         68       6080       5176       1152      10661   bsp_oled.o
       124         18          0          0          0      15798   bsp_systick.o
       178          8          0          0          0       1087   bsp_usart.o
         0          0          0          0          0       4504   core_cm3.o
       280         46          0          4          0       2638   delay.o
      1836        188          0       2073          0       4159   main.o
       172         22          0          0          0       2233   misc.o
        36          8        236          0       1024        860   startup_stm32f10x_md.o
       448          6          0          0          0       4722   stm32f10x_gpio.o
       970         86          0          0          0       4730   stm32f10x_it.o
       276         32          0         20          0       4630   stm32f10x_rcc.o
       362         62          0          0          0       3856   stm32f10x_tim.o
       416          6          0          0          0       5795   stm32f10x_usart.o
       328         28          0         20          0     249453   system_stm32f10x.o

    ----------------------------------------------------------------------
      8162        660       6348       7296       2176     325726   Object Totals
         0          0         32          0          0          0   (incl. Generated)
        22          0          0          3          0          0   (incl. Padding)

    ----------------------------------------------------------------------

      Code (inc. data)   RO Data    RW Data    ZI Data      Debug   Library Member Name

        86          0          0          0          0          0   __dczerorl2.o
         0          0          0          0          0          0   entry.o
         0          0          0          0          0          0   entry10a.o
         0          0          0          0          0          0   entry11a.o
         8          4          0          0          0          0   entry2.o
         4          0          0          0          0          0   entry5.o
         0          0          0          0          0          0   entry7b.o
         0          0          0          0          0          0   entry8b.o
         8          4          0          0          0          0   entry9a.o
        30          0          0          0          0          0   handlers.o
        36          8          0          0          0         68   init.o
         0          0          0          0          0          0   iusefp.o
        30          0          0          0          0         68   llshl.o
        32          0          0          0          0         68   llushr.o
        56          0          0          0          0         88   d2f.o
       186          0          0          0          0        176   depilogue.o
        34          0          0          0          0         76   dflti.o
       228          0          0          0          0         96   dmul.o
       110          0          0          0          0        168   fepilogue.o
        50          0          0          0          0         68   ffixi.o
        40          0          0          0          0         68   ffixui.o

    ----------------------------------------------------------------------
       938         16          0          0          0        944   Library Totals
         0          0          0          0          0          0   (incl. Padding)

    ----------------------------------------------------------------------

      Code (inc. data)   RO Data    RW Data    ZI Data      Debug   Library Name

       234         16          0          0          0        204   mc_w.l
       704          0          0          0          0        740   mf_w.l

    ----------------------------------------------------------------------
       938         16          0          0          0        944   Library Totals

    ----------------------------------------------------------------------

==============================================================================


      Code (inc. data)   RO Data    RW Data    ZI Data      Debug   

      9100        676       6348       7296       2176     322534   Grand Totals
      9100        676       6348        984       2176     322534   ELF Image Totals (compressed)
      9100        676       6348        984          0          0   ROM Totals

==============================================================================

    Total RO  Size (Code + RO Data)                15448 (  15.09kB)
    Total RW  Size (RW Data + ZI Data)              9472 (   9.25kB)
    Total ROM Size (Code + RO Data + RW Data)      16432 (  16.05kB)

==============================================================================

